Archive member included because of file (symbol)

/home/g2/.arduinocdt/packages/arduino/hardware/sam/1.6.12/variants/arduino_due_x/libsam_sam3x8e_gcc_rel.a(pmc.o)
                              project/due_main.cpp.o (pmc_enable_periph_clk)
/home/g2/.arduinocdt/packages/arduino/hardware/sam/1.6.12/variants/arduino_due_x/libsam_sam3x8e_gcc_rel.a(tc.o)
                              project/due_main.cpp.o (TC_Configure)
/home/g2/.arduinocdt/packages/arduino/hardware/sam/1.6.12/variants/arduino_due_x/libsam_sam3x8e_gcc_rel.a(startup_sam3xa.o)
                              (Reset_Handler)
/home/g2/.arduinocdt/packages/arduino/hardware/sam/1.6.12/variants/arduino_due_x/libsam_sam3x8e_gcc_rel.a(uotghs.o)
                              /home/g2/.arduinocdt/packages/arduino/hardware/sam/1.6.12/variants/arduino_due_x/libsam_sam3x8e_gcc_rel.a(startup_sam3xa.o) (UOTGHS_Handler)
./core.a(syscalls_sam3.c.o)   (_sbrk)
./core.a(new.cpp.o)           project/due_main.cpp.o (operator new(unsigned int))
./core.a(cortex_handlers.c.o)
                              /home/g2/.arduinocdt/packages/arduino/hardware/sam/1.6.12/variants/arduino_due_x/libsam_sam3x8e_gcc_rel.a(startup_sam3xa.o) (NMI_Handler)
./core.a(main.cpp.o)          /home/g2/.arduinocdt/packages/arduino/tools/arm-none-eabi-gcc/4.8.3-2014q1/bin/../lib/gcc/arm-none-eabi/4.8.3/../../../../arm-none-eabi/lib/armv7-m/crt0.o (main)
./core.a(USBCore.cpp.o)       ./core.a(main.cpp.o) (USBDevice_::attach())
./core.a(PluggableUSB.cpp.o)  ./core.a(USBCore.cpp.o) (PluggableUSB_::getInterface(unsigned char*))
./core.a(Print.cpp.o)         project/due_main.cpp.o (Print::println(char const*))
./core.a(hooks.c.o)           libraries/FastLED/3.3.2/FastLED.cpp.o (yield)
./core.a(abi.cpp.o)           project/due_main.cpp.o (__cxa_pure_virtual)
./core.a(WMath.cpp.o)         project/due_main.cpp.o (map(long, long, long, long, long))
./core.a(USARTClass.cpp.o)    project/due_main.cpp.o (USARTClass::begin(unsigned long))
./core.a(wiring.c.o)          libraries/FastLED/3.3.2/FastLED.cpp.o (millis)
./core.a(wiring_digital.c.o)  project/due_main.cpp.o (pinMode)
./core.a(UARTClass.cpp.o)     project/due_main.cpp.o (UARTClass::available())
./core.a(wiring_analog.c.o)   project/due_main.cpp.o (analogRead)
./core.a(variant.cpp.o)       ./core.a(main.cpp.o) (init)
./core.a(Reset.cpp.o)         ./core.a(cortex_handlers.c.o) (tickReset)
./core.a(watchdog.cpp.o)      ./core.a(main.cpp.o) (watchdogSetup())
./core.a(CDC.cpp.o)           ./core.a(USBCore.cpp.o) (Serial_::accept())
./core.a(RingBuffer.cpp.o)    ./core.a(variant.cpp.o) (RingBuffer::RingBuffer())
/home/g2/.arduinocdt/packages/arduino/hardware/sam/1.6.12/variants/arduino_due_x/libsam_sam3x8e_gcc_rel.a(pio.o)
                              ./core.a(wiring_digital.c.o) (PIO_PullUp)
/home/g2/.arduinocdt/packages/arduino/hardware/sam/1.6.12/variants/arduino_due_x/libsam_sam3x8e_gcc_rel.a(pwmc.o)
                              ./core.a(wiring_analog.c.o) (PWMC_ConfigureChannel)
/home/g2/.arduinocdt/packages/arduino/hardware/sam/1.6.12/variants/arduino_due_x/libsam_sam3x8e_gcc_rel.a(timetick.o)
                              ./core.a(cortex_handlers.c.o) (TimeTick_Increment)
/home/g2/.arduinocdt/packages/arduino/hardware/sam/1.6.12/variants/arduino_due_x/libsam_sam3x8e_gcc_rel.a(wdt.o)
                              ./core.a(watchdog.cpp.o) (WDT_Enable)
/home/g2/.arduinocdt/packages/arduino/hardware/sam/1.6.12/variants/arduino_due_x/libsam_sam3x8e_gcc_rel.a(system_sam3xa.o)
                              ./core.a(variant.cpp.o) (SystemInit)
/home/g2/.arduinocdt/packages/arduino/hardware/sam/1.6.12/variants/arduino_due_x/libsam_sam3x8e_gcc_rel.a(adc.o)
                              ./core.a(variant.cpp.o) (adc_init)
/home/g2/.arduinocdt/packages/arduino/hardware/sam/1.6.12/variants/arduino_due_x/libsam_sam3x8e_gcc_rel.a(interrupt_sam_nvic.o)
                              ./core.a(USBCore.cpp.o) (g_interrupt_enabled)
/home/g2/.arduinocdt/packages/arduino/hardware/sam/1.6.12/variants/arduino_due_x/libsam_sam3x8e_gcc_rel.a(uotghs_device.o)
                              ./core.a(USBCore.cpp.o) (UDD_SetStack)
/home/g2/.arduinocdt/packages/arduino/hardware/sam/1.6.12/variants/arduino_due_x/libsam_sam3x8e_gcc_rel.a(dacc.o)
                              ./core.a(wiring_analog.c.o) (dacc_reset)
/home/g2/.arduinocdt/packages/arduino/tools/arm-none-eabi-gcc/4.8.3-2014q1/bin/../lib/gcc/arm-none-eabi/4.8.3/../../../../arm-none-eabi/lib/armv7-m/libm.a(lib_a-s_fpclassify.o)
                              ./core.a(Print.cpp.o) (__fpclassifyd)
/home/g2/.arduinocdt/packages/arduino/tools/arm-none-eabi-gcc/4.8.3-2014q1/bin/../lib/gcc/arm-none-eabi/4.8.3/../../../../arm-none-eabi/lib/armv7-m/libm.a(lib_a-w_pow.o)
                              libraries/FastLED/3.3.2/colorutils.cpp.o (pow)
/home/g2/.arduinocdt/packages/arduino/tools/arm-none-eabi-gcc/4.8.3-2014q1/bin/../lib/gcc/arm-none-eabi/4.8.3/../../../../arm-none-eabi/lib/armv7-m/libm.a(lib_a-e_pow.o)
[...]
Memory Configuration

Name             Origin             Length             Attributes
rom              0x0000000000080000 0x0000000000080000 xr
sram0            0x0000000020000000 0x0000000000010000 xrw
sram1            0x0000000020080000 0x0000000000008000 xrw
ram              0x0000000020070000 0x0000000000018000 xrw
*default*        0x0000000000000000 0xffffffffffffffff

Linker script and memory map

LOAD /home/g2/.arduinocdt/packages/arduino/tools/arm-none-eabi-gcc/4.8.3-2014q1/bin/../lib/gcc/arm-none-eabi/4.8.3/armv7-m/crti.o
LOAD /home/g2/.arduinocdt/packages/arduino/tools/arm-none-eabi-gcc/4.8.3-2014q1/bin/../lib/gcc/arm-none-eabi/4.8.3/armv7-m/crtbegin.o
LOAD /home/g2/.arduinocdt/packages/arduino/tools/arm-none-eabi-gcc/4.8.3-2014q1/bin/../lib/gcc/arm-none-eabi/4.8.3/../../../../arm-none-eabi/lib/armv7-m/crt0.o
START GROUP
LOAD project/due_main.cpp.o
LOAD libraries/FastLED/3.3.2/platforms.cpp.o
LOAD libraries/FastLED/3.3.2/FastLED.cpp.o
LOAD libraries/FastLED/3.3.2/wiring.cpp.o
LOAD libraries/FastLED/3.3.2/lib8tion.cpp.o
LOAD libraries/FastLED/3.3.2/power_mgt.cpp.o
LOAD libraries/FastLED/3.3.2/hsv2rgb.cpp.o
LOAD libraries/FastLED/3.3.2/noise.cpp.o
LOAD libraries/FastLED/3.3.2/colorpalettes.cpp.o
LOAD libraries/FastLED/3.3.2/colorutils.cpp.o
LOAD libraries/FastLED/3.3.2/bitswap.cpp.o
LOAD /home/g2/.arduinocdt/packages/arduino/hardware/sam/1.6.12/variants/arduino_due_x/libsam_sam3x8e_gcc_rel.a
LOAD ./core.a
END GROUP
LOAD /home/g2/.arduinocdt/packages/arduino/tools/arm-none-eabi-gcc/4.8.3-2014q1/bin/../lib/gcc/arm-none-eabi/4.8.3/../../../../arm-none-eabi/lib/armv7-m/libm.a
LOAD /home/g2/.arduinocdt/packages/arduino/tools/arm-none-eabi-gcc/4.8.3-2014q1/bin/../lib/gcc/arm-none-eabi/4.8.3/armv7-m/libgcc.a
START GROUP
LOAD /home/g2/.arduinocdt/packages/arduino/tools/arm-none-eabi-gcc/4.8.3-2014q1/bin/../lib/gcc/arm-none-eabi/4.8.3/armv7-m/libgcc.a
LOAD /home/g2/.arduinocdt/packages/arduino/tools/arm-none-eabi-gcc/4.8.3-2014q1/bin/../lib/gcc/arm-none-eabi/4.8.3/../../../../arm-none-eabi/lib/armv7-m/libc.a
END GROUP
LOAD /home/g2/.arduinocdt/packages/arduino/tools/arm-none-eabi-gcc/4.8.3-2014q1/bin/../lib/gcc/arm-none-eabi/4.8.3/armv7-m/crtend.o
LOAD /home/g2/.arduinocdt/packages/arduino/tools/arm-none-eabi-gcc/4.8.3-2014q1/bin/../lib/gcc/arm-none-eabi/4.8.3/armv7-m/crtn.o

.text           0x0000000000080000     0x6df4
                0x0000000000080000                . = ALIGN (0x4)
                0x0000000000080000                _sfixed = .
 *(.vectors .vectors.*)
 .vectors       0x0000000000080000       0xf4 /home/g2/.arduinocdt/packages/arduino/hardware/sam/1.6.12/variants/arduino_due_x/libsam_sam3x8e_gcc_rel.a(startup_sam3xa.o)
                0x0000000000080000                exception_table
 *(.text .text.* .gnu.linkonce.t.*)
 .text          0x00000000000800f4       0x54 /home/g2/.arduinocdt/packages/arduino/tools/arm-none-eabi-gcc/4.8.3-2014q1/bin/../lib/gcc/arm-none-eabi/4.8.3/armv7-m/crtbegin.o
 .text._ZN14CLEDController4sizeEv
                0x0000000000080148        0x4 project/due_main.cpp.o
                0x0000000000080148                CLEDController::size()
 .text._ZN14CLEDController9clearLedsEi
                0x000000000008014c       0x2c project/due_main.cpp.o
                0x000000000008014c                CLEDController::clearLeds(int)
 .text._ZNK14CLEDController17getMaxRefreshRateEv
                0x0000000000080178        0x4 project/due_main.cpp.o
                0x0000000000080178                CLEDController::getMaxRefreshRate() const
 .text._ZN30InlineBlockClocklessControllerILh7ELi25ELi27ELi27ELi54EL6EOrder66ELi0ELb0ELi50EE4sizeEv
                0x000000000008017c        0x8 project/due_main.cpp.o
                0x000000000008017c                InlineBlockClocklessController<(unsigned char)7, 25, 27, 27, 54, (EOrder)66, 0, false, 50>::size()
 .text._ZNK30InlineBlockClocklessControllerILh7ELi25ELi27ELi27ELi54EL6EOrder66ELi0ELb0ELi50EE17getMaxRefreshRateEv
                0x0000000000080184        0x6 project/due_main.cpp.o
                0x0000000000080184                InlineBlockClocklessController<(unsigned char)7, 25, 27, 27, 54, (EOrder)66, 0, false, 50>::getMaxRefreshRate() const
 *fill*         0x000000000008018a        0x2 
 .text._ZN30InlineBlockClocklessControllerILh7ELi25ELi27ELi27ELi54EL6EOrder66ELi0ELb0ELi50EE4initEv
                0x000000000008018c       0x4c project/due_main.cpp.o
                0x000000000008018c                InlineBlockClocklessController<(unsigned char)7, 25, 27, 27, 54, (EOrder)66, 0, false, 50>::init()
 .text._Z9read_datav
                0x00000000000801d8      0x19c project/due_main.cpp.o
                0x00000000000801d8                read_data()
 .text._Z7getvalsPch
                0x0000000000080374       0x54 project/due_main.cpp.o
                0x0000000000080374                getvals(char*, unsigned char)
 .text._Z8calc_posv
                0x00000000000803c8       0x34 project/due_main.cpp.o
                0x00000000000803c8                calc_pos()
 .text._Z9conditions
                0x00000000000803fc       0x24 project/due_main.cpp.o
                0x00000000000803fc                condition(short)
 .text._Z5modesv
                0x0000000000080420       0xac project/due_main.cpp.o
                0x0000000000080420                modes()
 .text._Z7led_setv
                0x00000000000804cc       0xc4 project/due_main.cpp.o
                0x00000000000804cc                led_set()
 .text._Z9rainbowBGv
                0x0000000000080590       0x44 project/due_main.cpp.o
                0x0000000000080590                rainbowBG()
 .text._Z15rainbowBGCycleVv
                0x00000000000805d4       0x70 project/due_main.cpp.o
                0x00000000000805d4                rainbowBGCycleV()
 .text._Z15rainbowBGCycleHv
                0x0000000000080644       0x44 project/due_main.cpp.o
                0x0000000000080644                rainbowBGCycleH()
 .text._ZN30InlineBlockClocklessControllerILh7ELi25ELi27ELi27ELi54EL6EOrder66ELi0ELb0ELi50EE15showRGBInternalER15PixelControllerILS0_66ELi7ELm127EE
                0x0000000000080688      0x4a4 project/due_main.cpp.o
                0x0000000000080688                InlineBlockClocklessController<(unsigned char)7, 25, 27, 27, 54, (EOrder)66, 0, false, 50>::showRGBInternal(PixelController<(EOrder)66, 7, 127ul>&)
 .text._ZN30InlineBlockClocklessControllerILh7ELi25ELi27ELi27ELi54EL6EOrder66ELi0ELb0ELi50EE10showPixelsER15PixelControllerILS0_66ELi7ELm127EE
                0x0000000000080b2c       0x26 project/due_main.cpp.o
                0x0000000000080b2c                InlineBlockClocklessController<(unsigned char)7, 25, 27, 27, 54, (EOrder)66, 0, false, 50>::showPixels(PixelController<(EOrder)66, 7, 127ul>&)
 .text._ZN15PixelControllerIL6EOrder66ELi7ELm127EE11initOffsetsEi
                0x0000000000080b52       0x1c project/due_main.cpp.o
                0x0000000000080b52                PixelController<(EOrder)66, 7, 127ul>::initOffsets(int)
 *fill*         0x0000000000080b6e        0x2 
 .text._ZN15PixelControllerIL6EOrder66ELi7ELm127EE21init_binary_ditheringEv
                0x0000000000080b70       0x68 project/due_main.cpp.o
                0x0000000000080b70                PixelController<(EOrder)66, 7, 127ul>::init_binary_dithering()
 .text._ZN19CPixelLEDControllerIL6EOrder66ELi7ELm127EE4showEPK4CRGBiS2_
                0x0000000000080bd8       0x64 project/due_main.cpp.o
                0x0000000000080bd8                CPixelLEDController<(EOrder)66, 7, 127ul>::show(CRGB const*, int, CRGB)
 .text._ZN19CPixelLEDControllerIL6EOrder66ELi7ELm127EE9showColorERK4CRGBiS2_
                0x0000000000080c3c       0x64 project/due_main.cpp.o
                0x0000000000080c3c                CPixelLEDController<(EOrder)66, 7, 127ul>::showColor(CRGB const&, int, CRGB)
 .text.startup._GLOBAL__sub_I_strip
                0x0000000000080ca0       0x44 project/due_main.cpp.o
 .text.setup    0x0000000000080ce4      0x120 project/due_main.cpp.o
                0x0000000000080ce4                setup
 .text._Z11uart2_rx_btv
                0x0000000000080e04       0xa8 project/due_main.cpp.o
                0x0000000000080e04                uart2_rx_bt()
 .text.loop     0x0000000000080eac       0x3c project/due_main.cpp.o
                0x0000000000080eac                loop
 .text._ZN14CLEDController13getAdjustmentEh
                0x0000000000080ee8       0x30 libraries/FastLED/3.3.2/FastLED.cpp.o
                0x0000000000080ee8                CLEDController::getAdjustment(unsigned char)
 .text._ZN8CFastLED8countFPSEi
                0x0000000000080f18       0x3c libraries/FastLED/3.3.2/FastLED.cpp.o
                0x0000000000080f18                CFastLED::countFPS(int)
 .text._ZN8CFastLED4showEh
                0x0000000000080f54       0x80 libraries/FastLED/3.3.2/FastLED.cpp.o
                0x0000000000080f54                CFastLED::show(unsigned char)
 .text._ZN8CFastLED17setMaxRefreshRateEtb
                0x0000000000080fd4       0x28 libraries/FastLED/3.3.2/FastLED.cpp.o
                0x0000000000080fd4                CFastLED::setMaxRefreshRate(unsigned short, bool)
 .text._ZN8CFastLED7addLedsEP14CLEDControllerP4CRGBii
                0x0000000000080ffc       0x3c libraries/FastLED/3.3.2/FastLED.cpp.o
                0x0000000000080ffc                CFastLED::addLeds(CLEDController*, CRGB*, int, int)
 .text.atexit   0x0000000000081038        0x4 libraries/FastLED/3.3.2/FastLED.cpp.o
                0x0000000000081038                atexit
 .text.startup._GLOBAL__sub_I_fuckit
                0x000000000008103c       0x18 libraries/FastLED/3.3.2/FastLED.cpp.o
 .text._Z15hsv2rgb_rainbowRK4CHSVR4CRGB
                0x0000000000081054      0x132 libraries/FastLED/3.3.2/hsv2rgb.cpp.o
                0x0000000000081054                hsv2rgb_rainbow(CHSV const&, CRGB&)
 *fill*         0x0000000000081186        0x2 
 .text.pmc_enable_upll_clock
                0x0000000000081188       0x14 /home/g2/.arduinocdt/packages/arduino/hardware/sam/1.6.12/variants/arduino_due_x/libsam_sam3x8e_gcc_rel.a(pmc.o)
                0x0000000000081188                pmc_enable_upll_clock
 .text.pmc_enable_periph_clk
                0x000000000008119c       0x44 /home/g2/.arduinocdt/packages/arduino/hardware/sam/1.6.12/variants/arduino_due_x/libsam_sam3x8e_gcc_rel.a(pmc.o)
                0x000000000008119c                pmc_enable_periph_clk
 .text.pmc_disable_periph_clk
                0x00000000000811e0       0x40 /home/g2/.arduinocdt/packages/arduino/hardware/sam/1.6.12/variants/arduino_due_x/libsam_sam3x8e_gcc_rel.a(pmc.o)
                0x00000000000811e0                pmc_disable_periph_clk
 .text.pmc_switch_udpck_to_upllck
                0x0000000000081220       0x14 /home/g2/.arduinocdt/packages/arduino/hardware/sam/1.6.12/variants/arduino_due_x/libsam_sam3x8e_gcc_rel.a(pmc.o)
                0x0000000000081220                pmc_switch_udpck_to_upllck
 .text.pmc_enable_udpck
                0x0000000000081234        0xc /home/g2/.arduinocdt/packages/arduino/hardware/sam/1.6.12/variants/arduino_due_x/libsam_sam3x8e_gcc_rel.a(pmc.o)
                0x0000000000081234                pmc_enable_udpck
 .text.TC_Configure
                0x0000000000081240       0x38 /home/g2/.arduinocdt/packages/arduino/hardware/sam/1.6.12/variants/arduino_due_x/libsam_sam3x8e_gcc_rel.a(tc.o)
                0x0000000000081240                TC_Configure
 .text.TC_Start
                0x0000000000081278       0x2c /home/g2/.arduinocdt/packages/arduino/hardware/sam/1.6.12/variants/arduino_due_x/libsam_sam3x8e_gcc_rel.a(tc.o)
                0x0000000000081278                TC_Start
 .text.TC_Stop  0x00000000000812a4       0x2c /home/g2/.arduinocdt/packages/arduino/hardware/sam/1.6.12/variants/arduino_due_x/libsam_sam3x8e_gcc_rel.a(tc.o)
                0x00000000000812a4                TC_Stop
 .text.Reset_Handler
                0x00000000000812d0       0x78 /home/g2/.arduinocdt/packages/arduino/hardware/sam/1.6.12/variants/arduino_due_x/libsam_sam3x8e_gcc_rel.a(startup_sam3xa.o)
                0x00000000000812d0                Reset_Handler
 .text.UOTGHS_Handler
                0x0000000000081348       0x10 /home/g2/.arduinocdt/packages/arduino/hardware/sam/1.6.12/variants/arduino_due_x/libsam_sam3x8e_gcc_rel.a(uotghs.o)
                0x0000000000081348                UOTGHS_Handler
 .text._sbrk    0x0000000000081358       0x1c ./core.a(syscalls_sam3.c.o)
                0x0000000000081358                _sbrk
 .text.link     0x0000000000081374        0x6 ./core.a(syscalls_sam3.c.o)
                0x0000000000081374                link
 .text._close   0x000000000008137a        0x6 ./core.a(syscalls_sam3.c.o)
                0x000000000008137a                _close
 .text._fstat   0x0000000000081380        0xa ./core.a(syscalls_sam3.c.o)
                0x0000000000081380                _fstat
 .text._isatty  0x000000000008138a        0x4 ./core.a(syscalls_sam3.c.o)
                0x000000000008138a                _isatty
 .text._lseek   0x000000000008138e        0x4 ./core.a(syscalls_sam3.c.o)
                0x000000000008138e                _lseek
 .text._read    0x0000000000081392        0x4 ./core.a(syscalls_sam3.c.o)
                0x0000000000081392                _read
 *fill*         0x0000000000081396        0x2 
 .text._write   0x0000000000081398       0x24 ./core.a(syscalls_sam3.c.o)
                0x0000000000081398                _write
 .text._exit    0x00000000000813bc        0x2 ./core.a(syscalls_sam3.c.o)
                0x00000000000813bc                _exit
 .text._kill    0x00000000000813be        0x2 ./core.a(syscalls_sam3.c.o)
                0x00000000000813be                _kill
 .text._getpid  0x00000000000813c0        0x6 ./core.a(syscalls_sam3.c.o)
                0x00000000000813c0                _getpid
 .text._Znwj    0x00000000000813c6        0x4 ./core.a(new.cpp.o)
                0x00000000000813c6                operator new(unsigned int)
 .text.__halt   0x00000000000813ca        0x2 ./core.a(cortex_handlers.c.o)
                0x00000000000813ca                DACC_Handler
                0x00000000000813ca                DebugMon_Handler
                0x00000000000813ca                DMAC_Handler
                0x00000000000813ca                TRNG_Handler
                0x00000000000813ca                HardFault_Handler
                0x00000000000813ca                TC2_Handler
                0x00000000000813ca                TWI1_Handler
                0x00000000000813ca                NMI_Handler
                0x00000000000813ca                TC7_Handler
                0x00000000000813ca                ADC_Handler
                0x00000000000813ca                SMC_Handler
                0x00000000000813ca                RTT_Handler
                0x00000000000813ca                EFC1_Handler
                0x00000000000813ca                PIOB_Handler
                0x00000000000813ca                RTC_Handler
                0x00000000000813ca                UsageFault_Handler
                0x00000000000813ca                TC6_Handler
                0x00000000000813ca                WDT_Handler
                0x00000000000813ca                CAN0_Handler
                0x00000000000813ca                TC4_Handler
                0x00000000000813ca                TC1_Handler
                0x00000000000813ca                HSMCI_Handler
                0x00000000000813ca                TC3_Handler
                0x00000000000813ca                TWI0_Handler
                0x00000000000813ca                PIOA_Handler
                0x00000000000813ca                SSC_Handler
                0x00000000000813ca                EFC0_Handler
                0x00000000000813ca                PMC_Handler
                0x00000000000813ca                PWM_Handler
                0x00000000000813ca                CAN1_Handler
                0x00000000000813ca                MemManage_Handler
                0x00000000000813ca                SUPC_Handler
                0x00000000000813ca                TC8_Handler
                0x00000000000813ca                USART2_Handler
                0x00000000000813ca                PIOD_Handler
                0x00000000000813ca                EMAC_Handler
                0x00000000000813ca                PIOC_Handler
                0x00000000000813ca                BusFault_Handler
                0x00000000000813ca                RSTC_Handler
                0x00000000000813ca                TC0_Handler
                0x00000000000813ca                TC5_Handler
                0x00000000000813ca                SPI0_Handler
 .text.SVC_Handler
                0x00000000000813cc        0x4 ./core.a(cortex_handlers.c.o)
                0x00000000000813cc                SVC_Handler
 .text.PendSV_Handler
                0x00000000000813d0        0x4 ./core.a(cortex_handlers.c.o)
                0x00000000000813d0                PendSV_Handler
 .text.SysTick_Handler
                0x00000000000813d4       0x16 ./core.a(cortex_handlers.c.o)
                0x00000000000813d4                SysTick_Handler
 .text.initVariant
                0x00000000000813ea        0x2 ./core.a(main.cpp.o)
                0x00000000000813ea                initVariant
 .text.startup.main
                0x00000000000813ec       0x38 ./core.a(main.cpp.o)
                0x00000000000813ec                main
 .text.unlikely._ZL11USB_SendZlpv
                0x0000000000081424       0x20 ./core.a(USBCore.cpp.o)
 .text._Z14USBD_Availablem
                0x0000000000081444       0x2c ./core.a(USBCore.cpp.o)
                0x0000000000081444                USBD_Available(unsigned long)
 .text._Z9USBD_RecvmPvm
                0x0000000000081470       0x7c ./core.a(USBCore.cpp.o)
                0x0000000000081470                USBD_Recv(unsigned long, void*, unsigned long)
 .text._Z9USBD_Recvm
                0x00000000000814ec       0x22 ./core.a(USBCore.cpp.o)
                0x00000000000814ec                USBD_Recv(unsigned long)
 *fill*         0x000000000008150e        0x2 
 .text._Z9USBD_SendmPKvm
                0x0000000000081510       0x4c ./core.a(USBCore.cpp.o)
                0x0000000000081510                USBD_Send(unsigned long, void const*, unsigned long)
 .text._Z16USBD_SendControlhPKvm
                0x000000000008155c       0x40 ./core.a(USBCore.cpp.o)
                0x000000000008155c                USBD_SendControl(unsigned char, void const*, unsigned long)
 .text.unlikely._ZL24USB_SendStringDescriptorPKhi
                0x000000000008159c       0x64 ./core.a(USBCore.cpp.o)
 .text._Z16USBD_RecvControlPvm
                0x0000000000081600       0x1c ./core.a(USBCore.cpp.o)
                0x0000000000081600                USBD_RecvControl(void*, unsigned long)
 .text._Z26USBD_ClassInterfaceRequestR8USBSetup
                0x000000000008161c       0x1e ./core.a(USBCore.cpp.o)
                0x000000000008161c                USBD_ClassInterfaceRequest(USBSetup&)
 .text._Z19USBD_SendInterfacesv
                0x000000000008163a       0x22 ./core.a(USBCore.cpp.o)
                0x000000000008163a                USBD_SendInterfaces()
 .text._Z24USBD_SendOtherInterfacesv
                0x000000000008165c       0x22 ./core.a(USBCore.cpp.o)
                0x000000000008165c                USBD_SendOtherInterfaces()
 .text._Z10USBD_Flushm
                0x000000000008167e       0x16 ./core.a(USBCore.cpp.o)
                0x000000000008167e                USBD_Flush(unsigned long)
 .text._ZN10USBDevice_C2Ev
                0x0000000000081694       0x24 ./core.a(USBCore.cpp.o)
                0x0000000000081694                USBDevice_::USBDevice_()
                0x0000000000081694                USBDevice_::USBDevice_()
 .text._ZN10USBDevice_6attachEv
                0x00000000000816b8       0x20 ./core.a(USBCore.cpp.o)
                0x00000000000816b8                USBDevice_::attach()
 .text.startup._GLOBAL__sub_I_EndPoints
                0x00000000000816d8        0xc ./core.a(USBCore.cpp.o)
 .text._ZL7USB_ISRv
                0x00000000000816e4      0x454 ./core.a(USBCore.cpp.o)
 .text._ZN13PluggableUSB_12getInterfaceEPh
                0x0000000000081b38       0x28 ./core.a(PluggableUSB.cpp.o)
                0x0000000000081b38                PluggableUSB_::getInterface(unsigned char*)
 .text._ZN13PluggableUSB_13getDescriptorER8USBSetup
                0x0000000000081b60       0x1c ./core.a(PluggableUSB.cpp.o)
                0x0000000000081b60                PluggableUSB_::getDescriptor(USBSetup&)
 .text._ZN13PluggableUSB_12getShortNameEPc
                0x0000000000081b7c       0x1c ./core.a(PluggableUSB.cpp.o)
                0x0000000000081b7c                PluggableUSB_::getShortName(char*)
 .text._ZN13PluggableUSB_5setupER8USBSetup
                0x0000000000081b98       0x20 ./core.a(PluggableUSB.cpp.o)
                0x0000000000081b98                PluggableUSB_::setup(USBSetup&)
 .text._Z12PluggableUSBv
                0x0000000000081bb8       0x28 ./core.a(PluggableUSB.cpp.o)
                0x0000000000081bb8                PluggableUSB()
 .text._ZN5Print5writeEPKhj
                0x0000000000081be0       0x22 ./core.a(Print.cpp.o)
                0x0000000000081be0                Print::write(unsigned char const*, unsigned int)
 .text._ZN5Print5writeEPKc
                0x0000000000081c02       0x1e ./core.a(Print.cpp.o)
                0x0000000000081c02                Print::write(char const*)
 .text._ZN5Print5printEc
                0x0000000000081c20        0xa ./core.a(Print.cpp.o)
                0x0000000000081c20                Print::print(char)
 *fill*         0x0000000000081c2a        0x2 
 .text._ZN5Print7printlnEv
                0x0000000000081c2c       0x10 ./core.a(Print.cpp.o)
                0x0000000000081c2c                Print::println()
 .text._ZN5Print7printlnEPKc
                0x0000000000081c3c       0x14 ./core.a(Print.cpp.o)
                0x0000000000081c3c                Print::println(char const*)
 .text._ZN5Print11printNumberEmh
                0x0000000000081c50       0x3e ./core.a(Print.cpp.o)
                0x0000000000081c50                Print::printNumber(unsigned long, unsigned char)
 .text._ZN5Print5printEli
                0x0000000000081c8e       0x3c ./core.a(Print.cpp.o)
                0x0000000000081c8e                Print::print(long, int)
 .text._ZN5Print7printlnEii
                0x0000000000081cca       0x14 ./core.a(Print.cpp.o)
                0x0000000000081cca                Print::println(int, int)
 .text.__empty  0x0000000000081cde        0x2 ./core.a(hooks.c.o)
                0x0000000000081cde                yield
 .text.__false  0x0000000000081ce0        0x4 ./core.a(hooks.c.o)
                0x0000000000081ce0                sysTickHook
 .text.__halt   0x0000000000081ce4        0x2 ./core.a(hooks.c.o)
                0x0000000000081ce4                pendSVHook
                0x0000000000081ce4                svcHook
 .text.__cxa_pure_virtual
                0x0000000000081ce6        0x2 ./core.a(abi.cpp.o)
                0x0000000000081ce6                __cxa_pure_virtual
 .text._Z3maplllll
                0x0000000000081ce8       0x14 ./core.a(WMath.cpp.o)
                0x0000000000081ce8                map(long, long, long, long, long)
 .text._ZN9UARTClasscvbEv
                0x0000000000081cfc        0x4 ./core.a(USARTClass.cpp.o)
                0x0000000000081cfc                UARTClass::operator bool()
 .text._ZN10USARTClass5beginEm
                0x0000000000081d00        0x8 ./core.a(USARTClass.cpp.o)
                0x0000000000081d00                USARTClass::begin(unsigned long)
 .text._ZN10USARTClassC2EP5Usart4IRQnmP10RingBufferS4_
                0x0000000000081d08       0x24 ./core.a(USARTClass.cpp.o)
                0x0000000000081d08                USARTClass::USARTClass(Usart*, IRQn, unsigned long, RingBuffer*, RingBuffer*)
                0x0000000000081d08                USARTClass::USARTClass(Usart*, IRQn, unsigned long, RingBuffer*, RingBuffer*)
 .text.millis   0x0000000000081d2c        0x4 ./core.a(wiring.c.o)
                0x0000000000081d2c                millis
 .text.micros   0x0000000000081d30       0x74 ./core.a(wiring.c.o)
                0x0000000000081d30                micros
 .text.delay    0x0000000000081da4       0x1c ./core.a(wiring.c.o)
                0x0000000000081da4                delay
 .text.pinMode  0x0000000000081dc0      0x108 ./core.a(wiring_digital.c.o)
                0x0000000000081dc0                pinMode
 .text.digitalWrite
                0x0000000000081ec8       0x70 ./core.a(wiring_digital.c.o)
                0x0000000000081ec8                digitalWrite
 .text._ZN9UARTClass9availableEv
                0x0000000000081f38       0x12 ./core.a(UARTClass.cpp.o)
                0x0000000000081f38                UARTClass::available()
 .text._ZN9UARTClass4peekEv
                0x0000000000081f4a       0x1c ./core.a(UARTClass.cpp.o)
                0x0000000000081f4a                UARTClass::peek()
 .text._ZN9UARTClass4readEv
                0x0000000000081f66       0x2a ./core.a(UARTClass.cpp.o)
                0x0000000000081f66                UARTClass::read()
 .text._ZN9UARTClass5flushEv
                0x0000000000081f90       0x18 ./core.a(UARTClass.cpp.o)
                0x0000000000081f90                UARTClass::flush()
 .text._ZN9UARTClass5writeEh
                0x0000000000081fa8       0x54 ./core.a(UARTClass.cpp.o)
                0x0000000000081fa8                UARTClass::write(unsigned char)
 .text._ZN9UARTClass3endEv
                0x0000000000081ffc       0x3c ./core.a(UARTClass.cpp.o)
                0x0000000000081ffc                UARTClass::end()
 .text._ZN9UARTClassC2EP4Uart4IRQnmP10RingBufferS4_
                0x0000000000082038       0x24 ./core.a(UARTClass.cpp.o)
                0x0000000000082038                UARTClass::UARTClass(Uart*, IRQn, unsigned long, RingBuffer*, RingBuffer*)
                0x0000000000082038                UARTClass::UARTClass(Uart*, IRQn, unsigned long, RingBuffer*, RingBuffer*)
 .text._ZN9UARTClass4initEmm
                0x000000000008205c       0x70 ./core.a(UARTClass.cpp.o)
                0x000000000008205c                UARTClass::init(unsigned long, unsigned long)
 .text._ZN9UARTClass5beginEm
                0x00000000000820cc        0x8 ./core.a(UARTClass.cpp.o)
                0x00000000000820cc                UARTClass::begin(unsigned long)
 .text._ZN9UARTClass10IrqHandlerEv
                0x00000000000820d4       0x5a ./core.a(UARTClass.cpp.o)
                0x00000000000820d4                UARTClass::IrqHandler()
 .text.mapResolution
                0x000000000008212e       0x12 ./core.a(wiring_analog.c.o)
 .text.analogRead
                0x0000000000082140       0x9c ./core.a(wiring_analog.c.o)
                0x0000000000082140                analogRead
 .text.analogOutputInit
                0x00000000000821dc        0x2 ./core.a(wiring_analog.c.o)
                0x00000000000821dc                analogOutputInit
 .text._Z11serialEventv
                0x00000000000821de        0x2 ./core.a(variant.cpp.o)
                0x00000000000821de                serialEvent()
 .text.UART_Handler
                0x00000000000821e0        0xc ./core.a(variant.cpp.o)
                0x00000000000821e0                UART_Handler
 .text._Z12serialEvent1v
                0x00000000000821ec        0x2 ./core.a(variant.cpp.o)
                0x00000000000821ec                serialEvent1()
 .text._Z12serialEvent2v
                0x00000000000821ee        0x2 ./core.a(variant.cpp.o)
                0x00000000000821ee                serialEvent2()
 .text._Z12serialEvent3v
                0x00000000000821f0        0x2 ./core.a(variant.cpp.o)
                0x00000000000821f0                serialEvent3()
 *fill*         0x00000000000821f2        0x2 
 .text.USART0_Handler
                0x00000000000821f4        0xc ./core.a(variant.cpp.o)
                0x00000000000821f4                USART0_Handler
 .text.USART1_Handler
                0x0000000000082200        0xc ./core.a(variant.cpp.o)
                0x0000000000082200                USART1_Handler
 .text.USART3_Handler
                0x000000000008220c        0xc ./core.a(variant.cpp.o)
                0x000000000008220c                USART3_Handler
 .text.init     0x0000000000082218      0x128 ./core.a(variant.cpp.o)
                0x0000000000082218                init
 .text.startup._GLOBAL__sub_I_g_APinDescription
                0x0000000000082340       0xd4 ./core.a(variant.cpp.o)
 .text._Z14serialEventRunv
                0x0000000000082414       0x44 ./core.a(variant.cpp.o)
                0x0000000000082414                serialEventRun()
 .text.initiateReset
                0x0000000000082458        0xc ./core.a(Reset.cpp.o)
                0x0000000000082458                initiateReset
 .text.cancelReset
                0x0000000000082464       0x10 ./core.a(Reset.cpp.o)
                0x0000000000082464                cancelReset
 .text.tickReset
                0x0000000000082474       0x20 ./core.a(Reset.cpp.o)
                0x0000000000082474                tickReset
 .text._watchdogDefaultSetup
                0x0000000000082494        0xc ./core.a(watchdog.cpp.o)
                0x0000000000082494                watchdogSetup()
                0x0000000000082494                _watchdogDefaultSetup
 .text._ZN7Serial_9availableEv
                0x00000000000824a0       0x18 ./core.a(CDC.cpp.o)
                0x00000000000824a0                Serial_::available()
 .text._ZN7Serial_17availableForWriteEv
                0x00000000000824b8        0x6 ./core.a(CDC.cpp.o)
                0x00000000000824b8                Serial_::availableForWrite()
 *fill*         0x00000000000824be        0x2 
 .text._ZN7Serial_4peekEv
                0x00000000000824c0       0x20 ./core.a(CDC.cpp.o)
                0x00000000000824c0                Serial_::peek()
 .text._ZN7Serial_5writeEh
                0x00000000000824e0       0x16 ./core.a(CDC.cpp.o)
                0x00000000000824e0                Serial_::write(unsigned char)
 *fill*         0x00000000000824f6        0x2 
 .text._ZN7Serial_4readEv
                0x00000000000824f8       0x44 ./core.a(CDC.cpp.o)
                0x00000000000824f8                Serial_::read()
 .text._ZN7Serial_5flushEv
                0x000000000008253c        0x6 ./core.a(CDC.cpp.o)
                0x000000000008253c                Serial_::flush()
 *fill*         0x0000000000082542        0x2 
 .text._ZN7Serial_6acceptEv
                0x0000000000082544       0x70 ./core.a(CDC.cpp.o)
                0x0000000000082544                Serial_::accept()
 .text._ZN7Serial_5writeEPKhj
                0x00000000000825b4       0x2c ./core.a(CDC.cpp.o)
                0x00000000000825b4                Serial_::write(unsigned char const*, unsigned int)
 .text._Z16CDC_GetInterfacePh
                0x00000000000825e0       0x14 ./core.a(CDC.cpp.o)
                0x00000000000825e0                CDC_GetInterface(unsigned char*)
 .text._Z21CDC_GetOtherInterfacePh
                0x00000000000825f4       0x14 ./core.a(CDC.cpp.o)
                0x00000000000825f4                CDC_GetOtherInterface(unsigned char*)
 .text._Z9CDC_SetupR8USBSetup
                0x0000000000082608       0x78 ./core.a(CDC.cpp.o)
                0x0000000000082608                CDC_Setup(USBSetup&)
 .text.startup._GLOBAL__sub_I_cdc_rx_buffer
                0x0000000000082680       0x1c ./core.a(CDC.cpp.o)
 .text._ZN10RingBufferC2Ev
                0x000000000008269c       0x1a ./core.a(RingBuffer.cpp.o)
                0x000000000008269c                RingBuffer::RingBuffer()
                0x000000000008269c                RingBuffer::RingBuffer()
 .text._ZN10RingBuffer10store_charEh
                0x00000000000826b6       0x1e ./core.a(RingBuffer.cpp.o)
                0x00000000000826b6                RingBuffer::store_char(unsigned char)
 .text.PIO_PullUp
                0x00000000000826d4        0xa /home/g2/.arduinocdt/packages/arduino/hardware/sam/1.6.12/variants/arduino_due_x/libsam_sam3x8e_gcc_rel.a(pio.o)
                0x00000000000826d4                PIO_PullUp
 .text.PIO_SetPeripheral
                0x00000000000826de       0x26 /home/g2/.arduinocdt/packages/arduino/hardware/sam/1.6.12/variants/arduino_due_x/libsam_sam3x8e_gcc_rel.a(pio.o)
                0x00000000000826de                PIO_SetPeripheral
 .text.PIO_SetInput
                0x0000000000082704       0x26 /home/g2/.arduinocdt/packages/arduino/hardware/sam/1.6.12/variants/arduino_due_x/libsam_sam3x8e_gcc_rel.a(pio.o)
                0x0000000000082704                PIO_SetInput
 .text.PIO_SetOutput
                0x000000000008272a       0x24 /home/g2/.arduinocdt/packages/arduino/hardware/sam/1.6.12/variants/arduino_due_x/libsam_sam3x8e_gcc_rel.a(pio.o)
                0x000000000008272a                PIO_SetOutput
 *fill*         0x000000000008274e        0x2 
 .text.PIO_Configure
                0x0000000000082750       0x64 /home/g2/.arduinocdt/packages/arduino/hardware/sam/1.6.12/variants/arduino_due_x/libsam_sam3x8e_gcc_rel.a(pio.o)
                0x0000000000082750                PIO_Configure
 .text.PIO_GetOutputDataStatus
                0x00000000000827b4       0x14 /home/g2/.arduinocdt/packages/arduino/hardware/sam/1.6.12/variants/arduino_due_x/libsam_sam3x8e_gcc_rel.a(pio.o)
                0x00000000000827b4                PIO_GetOutputDataStatus
 .text.TimeTick_Increment
                0x00000000000827c8       0x10 /home/g2/.arduinocdt/packages/arduino/hardware/sam/1.6.12/variants/arduino_due_x/libsam_sam3x8e_gcc_rel.a(timetick.o)
                0x00000000000827c8                TimeTick_Increment
 .text.GetTickCount
                0x00000000000827d8        0xc /home/g2/.arduinocdt/packages/arduino/hardware/sam/1.6.12/variants/arduino_due_x/libsam_sam3x8e_gcc_rel.a(timetick.o)
                0x00000000000827d8                GetTickCount
 .text.WDT_Disable
                0x00000000000827e4        0x8 /home/g2/.arduinocdt/packages/arduino/hardware/sam/1.6.12/variants/arduino_due_x/libsam_sam3x8e_gcc_rel.a(wdt.o)
                0x00000000000827e4                WDT_Disable
 .text.SystemInit
                0x00000000000827ec       0x88 /home/g2/.arduinocdt/packages/arduino/hardware/sam/1.6.12/variants/arduino_due_x/libsam_sam3x8e_gcc_rel.a(system_sam3xa.o)
                0x00000000000827ec                SystemInit
 .text.adc_init
                0x0000000000082874       0x98 /home/g2/.arduinocdt/packages/arduino/hardware/sam/1.6.12/variants/arduino_due_x/libsam_sam3x8e_gcc_rel.a(adc.o)
                0x0000000000082874                adc_init
 .text.adc_configure_trigger
                0x000000000008290c        0xe /home/g2/.arduinocdt/packages/arduino/hardware/sam/1.6.12/variants/arduino_due_x/libsam_sam3x8e_gcc_rel.a(adc.o)
                0x000000000008290c                adc_configure_trigger
 .text.adc_configure_timing
                0x000000000008291a       0x1a /home/g2/.arduinocdt/packages/arduino/hardware/sam/1.6.12/variants/arduino_due_x/libsam_sam3x8e_gcc_rel.a(adc.o)
                0x000000000008291a                adc_configure_timing
 .text.adc_start
                0x0000000000082934        0x6 /home/g2/.arduinocdt/packages/arduino/hardware/sam/1.6.12/variants/arduino_due_x/libsam_sam3x8e_gcc_rel.a(adc.o)
                0x0000000000082934                adc_start
 .text.adc_enable_channel
                0x000000000008293a        0xa /home/g2/.arduinocdt/packages/arduino/hardware/sam/1.6.12/variants/arduino_due_x/libsam_sam3x8e_gcc_rel.a(adc.o)
                0x000000000008293a                adc_enable_channel
 .text.adc_disable_channel
                0x0000000000082944        0xa /home/g2/.arduinocdt/packages/arduino/hardware/sam/1.6.12/variants/arduino_due_x/libsam_sam3x8e_gcc_rel.a(adc.o)
                0x0000000000082944                adc_disable_channel
 .text.adc_disable_all_channel
                0x000000000008294e        0x8 /home/g2/.arduinocdt/packages/arduino/hardware/sam/1.6.12/variants/arduino_due_x/libsam_sam3x8e_gcc_rel.a(adc.o)
                0x000000000008294e                adc_disable_all_channel
 .text.adc_get_channel_status
                0x0000000000082956        0xa /home/g2/.arduinocdt/packages/arduino/hardware/sam/1.6.12/variants/arduino_due_x/libsam_sam3x8e_gcc_rel.a(adc.o)
                0x0000000000082956                adc_get_channel_status
 .text.adc_get_latest_value
                0x0000000000082960        0x4 /home/g2/.arduinocdt/packages/arduino/hardware/sam/1.6.12/variants/arduino_due_x/libsam_sam3x8e_gcc_rel.a(adc.o)
                0x0000000000082960                adc_get_latest_value
 .text.adc_disable_interrupt
                0x0000000000082964        0x4 /home/g2/.arduinocdt/packages/arduino/hardware/sam/1.6.12/variants/arduino_due_x/libsam_sam3x8e_gcc_rel.a(adc.o)
                0x0000000000082964                adc_disable_interrupt
 .text.adc_get_status
                0x0000000000082968        0x4 /home/g2/.arduinocdt/packages/arduino/hardware/sam/1.6.12/variants/arduino_due_x/libsam_sam3x8e_gcc_rel.a(adc.o)
                0x0000000000082968                adc_get_status
 .text.UDD_SetStack
                0x000000000008296c        0xc /home/g2/.arduinocdt/packages/arduino/hardware/sam/1.6.12/variants/arduino_due_x/libsam_sam3x8e_gcc_rel.a(uotghs_device.o)
                0x000000000008296c                UDD_SetStack
 .text.UDD_Init
                0x0000000000082978       0xd0 /home/g2/.arduinocdt/packages/arduino/hardware/sam/1.6.12/variants/arduino_due_x/libsam_sam3x8e_gcc_rel.a(uotghs_device.o)
                0x0000000000082978                UDD_Init
 .text.UDD_Attach
                0x0000000000082a48       0x50 /home/g2/.arduinocdt/packages/arduino/hardware/sam/1.6.12/variants/arduino_due_x/libsam_sam3x8e_gcc_rel.a(uotghs_device.o)
                0x0000000000082a48                UDD_Attach
 .text.UDD_InitEP
                0x0000000000082a98       0x2c /home/g2/.arduinocdt/packages/arduino/hardware/sam/1.6.12/variants/arduino_due_x/libsam_sam3x8e_gcc_rel.a(uotghs_device.o)
                0x0000000000082a98                UDD_InitEP
 .text.UDD_InitEndpoints
                0x0000000000082ac4       0x3c /home/g2/.arduinocdt/packages/arduino/hardware/sam/1.6.12/variants/arduino_due_x/libsam_sam3x8e_gcc_rel.a(uotghs_device.o)
                0x0000000000082ac4                UDD_InitEndpoints
 .text.UDD_WaitIN
                0x0000000000082b00       0x10 /home/g2/.arduinocdt/packages/arduino/hardware/sam/1.6.12/variants/arduino_due_x/libsam_sam3x8e_gcc_rel.a(uotghs_device.o)
                0x0000000000082b00                UDD_WaitIN
 .text.UDD_WaitOUT
                0x0000000000082b10       0x10 /home/g2/.arduinocdt/packages/arduino/hardware/sam/1.6.12/variants/arduino_due_x/libsam_sam3x8e_gcc_rel.a(uotghs_device.o)
                0x0000000000082b10                UDD_WaitOUT
 .text.UDD_ClearIN
                0x0000000000082b20       0x18 /home/g2/.arduinocdt/packages/arduino/hardware/sam/1.6.12/variants/arduino_due_x/libsam_sam3x8e_gcc_rel.a(uotghs_device.o)
                0x0000000000082b20                UDD_ClearIN
 .text.UDD_ClearOUT
                0x0000000000082b38       0x18 /home/g2/.arduinocdt/packages/arduino/hardware/sam/1.6.12/variants/arduino_due_x/libsam_sam3x8e_gcc_rel.a(uotghs_device.o)
                0x0000000000082b38                UDD_ClearOUT
 .text.UDD_ReceivedSetupInt
                0x0000000000082b50       0x10 /home/g2/.arduinocdt/packages/arduino/hardware/sam/1.6.12/variants/arduino_due_x/libsam_sam3x8e_gcc_rel.a(uotghs_device.o)
                0x0000000000082b50                UDD_ReceivedSetupInt
 .text.UDD_ClearSetupInt
                0x0000000000082b60       0x10 /home/g2/.arduinocdt/packages/arduino/hardware/sam/1.6.12/variants/arduino_due_x/libsam_sam3x8e_gcc_rel.a(uotghs_device.o)
                0x0000000000082b60                UDD_ClearSetupInt
 .text.UDD_Send
                0x0000000000082b70       0x88 /home/g2/.arduinocdt/packages/arduino/hardware/sam/1.6.12/variants/arduino_due_x/libsam_sam3x8e_gcc_rel.a(uotghs_device.o)
                0x0000000000082b70                UDD_Send
 .text.UDD_Send8
                0x0000000000082bf8       0x24 /home/g2/.arduinocdt/packages/arduino/hardware/sam/1.6.12/variants/arduino_due_x/libsam_sam3x8e_gcc_rel.a(uotghs_device.o)
                0x0000000000082bf8                UDD_Send8
 .text.UDD_Recv8
                0x0000000000082c1c       0x28 /home/g2/.arduinocdt/packages/arduino/hardware/sam/1.6.12/variants/arduino_due_x/libsam_sam3x8e_gcc_rel.a(uotghs_device.o)
                0x0000000000082c1c                UDD_Recv8
 .text.UDD_Recv
                0x0000000000082c44       0x34 /home/g2/.arduinocdt/packages/arduino/hardware/sam/1.6.12/variants/arduino_due_x/libsam_sam3x8e_gcc_rel.a(uotghs_device.o)
                0x0000000000082c44                UDD_Recv
 .text.UDD_Stall
                0x0000000000082c78       0x14 /home/g2/.arduinocdt/packages/arduino/hardware/sam/1.6.12/variants/arduino_due_x/libsam_sam3x8e_gcc_rel.a(uotghs_device.o)
                0x0000000000082c78                UDD_Stall
 .text.UDD_FifoByteCount
                0x0000000000082c8c       0x14 /home/g2/.arduinocdt/packages/arduino/hardware/sam/1.6.12/variants/arduino_due_x/libsam_sam3x8e_gcc_rel.a(uotghs_device.o)
                0x0000000000082c8c                UDD_FifoByteCount
 .text.UDD_ReleaseRX
                0x0000000000082ca0       0x28 /home/g2/.arduinocdt/packages/arduino/hardware/sam/1.6.12/variants/arduino_due_x/libsam_sam3x8e_gcc_rel.a(uotghs_device.o)
                0x0000000000082ca0                UDD_ReleaseRX
 .text.UDD_ReleaseTX
                0x0000000000082cc8       0x28 /home/g2/.arduinocdt/packages/arduino/hardware/sam/1.6.12/variants/arduino_due_x/libsam_sam3x8e_gcc_rel.a(uotghs_device.o)
                0x0000000000082cc8                UDD_ReleaseTX
 .text.UDD_SetAddress
                0x0000000000082cf0       0x20 /home/g2/.arduinocdt/packages/arduino/hardware/sam/1.6.12/variants/arduino_due_x/libsam_sam3x8e_gcc_rel.a(uotghs_device.o)
                0x0000000000082cf0                UDD_SetAddress
 .text.__assert_func
                0x0000000000082d10       0x3c /home/g2/.arduinocdt/packages/arduino/tools/arm-none-eabi-gcc/4.8.3-2014q1/bin/../lib/gcc/arm-none-eabi/4.8.3/../../../../arm-none-eabi/lib/armv7-m/libc.a(lib_a-assert.o)
                0x0000000000082d10                __assert_func
 .text.atol     0x0000000000082d4c        0x8 /home/g2/.arduinocdt/packages/arduino/tools/arm-none-eabi-gcc/4.8.3-2014q1/bin/../lib/gcc/arm-none-eabi/4.8.3/../../../../arm-none-eabi/lib/armv7-m/libc.a(lib_a-atol.o)
                0x0000000000082d4c                atol
 .text.fiprintf
                0x0000000000082d54       0x28 /home/g2/.arduinocdt/packages/arduino/tools/arm-none-eabi-gcc/4.8.3-2014q1/bin/../lib/gcc/arm-none-eabi/4.8.3/../../../../arm-none-eabi/lib/armv7-m/libc.a(lib_a-fiprintf.o)
                0x0000000000082d54                fiprintf
 .text.__libc_init_array
                0x0000000000082d7c       0x50 /home/g2/.arduinocdt/packages/arduino/tools/arm-none-eabi-gcc/4.8.3-2014q1/bin/../lib/gcc/arm-none-eabi/4.8.3/../../../../arm-none-eabi/lib/armv7-m/libc.a(lib_a-init.o)
                0x0000000000082d7c                __libc_init_array
 .text.malloc   0x0000000000082dcc       0x10 /home/g2/.arduinocdt/packages/arduino/tools/arm-none-eabi-gcc/4.8.3-2014q1/bin/../lib/gcc/arm-none-eabi/4.8.3/../../../../arm-none-eabi/lib/armv7-m/libc.a(lib_a-malloc.o)
                0x0000000000082dcc                malloc
 .text._malloc_r
                0x0000000000082ddc      0x538 /home/g2/.arduinocdt/packages/arduino/tools/arm-none-eabi-gcc/4.8.3-2014q1/bin/../lib/gcc/arm-none-eabi/4.8.3/../../../../arm-none-eabi/lib/armv7-m/libc.a(lib_a-mallocr.o)
                0x0000000000082ddc                _malloc_r
 .text.memset   0x0000000000083314       0x94 /home/g2/.arduinocdt/packages/arduino/tools/arm-none-eabi-gcc/4.8.3-2014q1/bin/../lib/gcc/arm-none-eabi/4.8.3/../../../../arm-none-eabi/lib/armv7-m/libc.a(lib_a-memset.o)
                0x0000000000083314                memset
 .text.__malloc_lock
                0x00000000000833a8        0x4 /home/g2/.arduinocdt/packages/arduino/tools/arm-none-eabi-gcc/4.8.3-2014q1/bin/../lib/gcc/arm-none-eabi/4.8.3/../../../../arm-none-eabi/lib/armv7-m/libc.a(lib_a-mlock.o)
                0x00000000000833a8                __malloc_lock
 .text.__malloc_unlock
                0x00000000000833ac        0x4 /home/g2/.arduinocdt/packages/arduino/tools/arm-none-eabi-gcc/4.8.3-2014q1/bin/../lib/gcc/arm-none-eabi/4.8.3/../../../../arm-none-eabi/lib/armv7-m/libc.a(lib_a-mlock.o)
                0x00000000000833ac                __malloc_unlock
 .text._sbrk_r  0x00000000000833b0       0x24 /home/g2/.arduinocdt/packages/arduino/tools/arm-none-eabi-gcc/4.8.3-2014q1/bin/../lib/gcc/arm-none-eabi/4.8.3/../../../../arm-none-eabi/lib/armv7-m/libc.a(lib_a-sbrkr.o)
                0x00000000000833b0                _sbrk_r
 .text.strchr   0x00000000000833d4       0xf4 /home/g2/.arduinocdt/packages/arduino/tools/arm-none-eabi-gcc/4.8.3-2014q1/bin/../lib/gcc/arm-none-eabi/4.8.3/../../../../arm-none-eabi/lib/armv7-m/libc.a(lib_a-strchr.o)
                0x00000000000833d4                strchr
 .text.strcpy   0x00000000000834c8       0xbc /home/g2/.arduinocdt/packages/arduino/tools/arm-none-eabi-gcc/4.8.3-2014q1/bin/../lib/gcc/arm-none-eabi/4.8.3/../../../../arm-none-eabi/lib/armv7-m/libc.a(lib_a-strcpy.o)
                0x00000000000834c8                strcpy
 .text.strlen   0x0000000000083584       0x60 /home/g2/.arduinocdt/packages/arduino/tools/arm-none-eabi-gcc/4.8.3-2014q1/bin/../lib/gcc/arm-none-eabi/4.8.3/../../../../arm-none-eabi/lib/armv7-m/libc.a(lib_a-strlen.o)
                0x0000000000083584                strlen
 .text.strtok   0x00000000000835e4       0x10 /home/g2/.arduinocdt/packages/arduino/tools/arm-none-eabi-gcc/4.8.3-2014q1/bin/../lib/gcc/arm-none-eabi/4.8.3/../../../../arm-none-eabi/lib/armv7-m/libc.a(lib_a-strtok.o)
                0x00000000000835e4                strtok
 .text.__strtok_r
                0x00000000000835f4       0x64 /home/g2/.arduinocdt/packages/arduino/tools/arm-none-eabi-gcc/4.8.3-2014q1/bin/../lib/gcc/arm-none-eabi/4.8.3/../../../../arm-none-eabi/lib/armv7-m/libc.a(lib_a-strtok_r.o)
                0x00000000000835f4                __strtok_r
 .text._strtol_r
                0x0000000000083658      0x114 /home/g2/.arduinocdt/packages/arduino/tools/arm-none-eabi-gcc/4.8.3-2014q1/bin/../lib/gcc/arm-none-eabi/4.8.3/../../../../arm-none-eabi/lib/armv7-m/libc.a(lib_a-strtol.o)
                0x0000000000083658                _strtol_r
 .text.strtol   0x000000000008376c       0x18 /home/g2/.arduinocdt/packages/arduino/tools/arm-none-eabi-gcc/4.8.3-2014q1/bin/../lib/gcc/arm-none-eabi/4.8.3/../../../../arm-none-eabi/lib/armv7-m/libc.a(lib_a-strtol.o)
                0x000000000008376c                strtol
 .text.kill     0x0000000000083784       0x10 /home/g2/.arduinocdt/packages/arduino/tools/arm-none-eabi-gcc/4.8.3-2014q1/bin/../lib/gcc/arm-none-eabi/4.8.3/../../../../arm-none-eabi/lib/armv7-m/libc.a(lib_a-syskill.o)
                0x0000000000083784                kill
 .text.__sprint_r.part.0
                0x0000000000083794       0x78 /home/g2/.arduinocdt/packages/arduino/tools/arm-none-eabi-gcc/4.8.3-2014q1/bin/../lib/gcc/arm-none-eabi/4.8.3/../../../../arm-none-eabi/lib/armv7-m/libc.a(lib_a-vfiprintf.o)
 .text._vfiprintf_r
                0x000000000008380c      0xc54 /home/g2/.arduinocdt/packages/arduino/tools/arm-none-eabi-gcc/4.8.3-2014q1/bin/../lib/gcc/arm-none-eabi/4.8.3/../../../../arm-none-eabi/lib/armv7-m/libc.a(lib_a-vfiprintf.o)
                0x000000000008380c                _vfiprintf_r
 .text.__sbprintf
                0x0000000000084460       0x7c /home/g2/.arduinocdt/packages/arduino/tools/arm-none-eabi-gcc/4.8.3-2014q1/bin/../lib/gcc/arm-none-eabi/4.8.3/../../../../arm-none-eabi/lib/armv7-m/libc.a(lib_a-vfiprintf.o)
 .text.__swsetup_r
                0x00000000000844dc       0xc4 /home/g2/.arduinocdt/packages/arduino/tools/arm-none-eabi-gcc/4.8.3-2014q1/bin/../lib/gcc/arm-none-eabi/4.8.3/../../../../arm-none-eabi/lib/armv7-m/libc.a(lib_a-wsetup.o)
                0x00000000000844dc                __swsetup_r
 .text.startup.register_fini
                0x00000000000845a0       0x14 /home/g2/.arduinocdt/packages/arduino/tools/arm-none-eabi-gcc/4.8.3-2014q1/bin/../lib/gcc/arm-none-eabi/4.8.3/../../../../arm-none-eabi/lib/armv7-m/libc.a(lib_a-__call_atexit.o)
 .text.abort    0x00000000000845b4       0x10 /home/g2/.arduinocdt/packages/arduino/tools/arm-none-eabi-gcc/4.8.3-2014q1/bin/../lib/gcc/arm-none-eabi/4.8.3/../../../../arm-none-eabi/lib/armv7-m/libc.a(lib_a-abort.o)
                0x00000000000845b4                abort
 .text.__sflush_r
                0x00000000000845c4      0x148 /home/g2/.arduinocdt/packages/arduino/tools/arm-none-eabi-gcc/4.8.3-2014q1/bin/../lib/gcc/arm-none-eabi/4.8.3/../../../../arm-none-eabi/lib/armv7-m/libc.a(lib_a-fflush.o)
                0x00000000000845c4                __sflush_r
 .text._fflush_r
                0x000000000008470c       0x2c /home/g2/.arduinocdt/packages/arduino/tools/arm-none-eabi-gcc/4.8.3-2014q1/bin/../lib/gcc/arm-none-eabi/4.8.3/../../../../arm-none-eabi/lib/armv7-m/libc.a(lib_a-fflush.o)
                0x000000000008470c                _fflush_r
 .text._cleanup_r
                0x0000000000084738        0xc /home/g2/.arduinocdt/packages/arduino/tools/arm-none-eabi-gcc/4.8.3-2014q1/bin/../lib/gcc/arm-none-eabi/4.8.3/../../../../arm-none-eabi/lib/armv7-m/libc.a(lib_a-findfp.o)
                0x0000000000084738                _cleanup_r
 .text.__sinit  0x0000000000084744       0xf4 /home/g2/.arduinocdt/packages/arduino/tools/arm-none-eabi-gcc/4.8.3-2014q1/bin/../lib/gcc/arm-none-eabi/4.8.3/../../../../arm-none-eabi/lib/armv7-m/libc.a(lib_a-findfp.o)
                0x0000000000084744                __sinit
 .text.__sfp_lock_acquire
                0x0000000000084838        0x4 /home/g2/.arduinocdt/packages/arduino/tools/arm-none-eabi-gcc/4.8.3-2014q1/bin/../lib/gcc/arm-none-eabi/4.8.3/../../../../arm-none-eabi/lib/armv7-m/libc.a(lib_a-findfp.o)
                0x0000000000084838                __sfp_lock_acquire
 .text.__sfp_lock_release
                0x000000000008483c        0x4 /home/g2/.arduinocdt/packages/arduino/tools/arm-none-eabi-gcc/4.8.3-2014q1/bin/../lib/gcc/arm-none-eabi/4.8.3/../../../../arm-none-eabi/lib/armv7-m/libc.a(lib_a-findfp.o)
                0x000000000008483c                __sfp_lock_release
 .text.__libc_fini_array
                0x0000000000084840       0x30 /home/g2/.arduinocdt/packages/arduino/tools/arm-none-eabi-gcc/4.8.3-2014q1/bin/../lib/gcc/arm-none-eabi/4.8.3/../../../../arm-none-eabi/lib/armv7-m/libc.a(lib_a-fini.o)
                0x0000000000084840                __libc_fini_array
 .text._fputwc_r
                0x0000000000084870       0xc0 /home/g2/.arduinocdt/packages/arduino/tools/arm-none-eabi-gcc/4.8.3-2014q1/bin/../lib/gcc/arm-none-eabi/4.8.3/../../../../arm-none-eabi/lib/armv7-m/libc.a(lib_a-fputwc.o)
                0x0000000000084870                _fputwc_r
 .text._malloc_trim_r
                0x0000000000084930       0x9c /home/g2/.arduinocdt/packages/arduino/tools/arm-none-eabi-gcc/4.8.3-2014q1/bin/../lib/gcc/arm-none-eabi/4.8.3/../../../../arm-none-eabi/lib/armv7-m/libc.a(lib_a-freer.o)
                0x0000000000084930                _malloc_trim_r
 .text._free_r  0x00000000000849cc      0x198 /home/g2/.arduinocdt/packages/arduino/tools/arm-none-eabi-gcc/4.8.3-2014q1/bin/../lib/gcc/arm-none-eabi/4.8.3/../../../../arm-none-eabi/lib/armv7-m/libc.a(lib_a-freer.o)
                0x00000000000849cc                _free_r
 .text.__sfvwrite_r
                0x0000000000084b64      0x314 /home/g2/.arduinocdt/packages/arduino/tools/arm-none-eabi-gcc/4.8.3-2014q1/bin/../lib/gcc/arm-none-eabi/4.8.3/../../../../arm-none-eabi/lib/armv7-m/libc.a(lib_a-fvwrite.o)
                0x0000000000084b64                __sfvwrite_r
 .text._fwalk   0x0000000000084e78       0x48 /home/g2/.arduinocdt/packages/arduino/tools/arm-none-eabi-gcc/4.8.3-2014q1/bin/../lib/gcc/arm-none-eabi/4.8.3/../../../../arm-none-eabi/lib/armv7-m/libc.a(lib_a-fwalk.o)
                0x0000000000084e78                _fwalk
 .text.__locale_charset
                0x0000000000084ec0        0x8 /home/g2/.arduinocdt/packages/arduino/tools/arm-none-eabi-gcc/4.8.3-2014q1/bin/../lib/gcc/arm-none-eabi/4.8.3/../../../../arm-none-eabi/lib/armv7-m/libc.a(lib_a-locale.o)
                0x0000000000084ec0                __locale_charset
 .text.__locale_mb_cur_max
                0x0000000000084ec8        0xc /home/g2/.arduinocdt/packages/arduino/tools/arm-none-eabi-gcc/4.8.3-2014q1/bin/../lib/gcc/arm-none-eabi/4.8.3/../../../../arm-none-eabi/lib/armv7-m/libc.a(lib_a-locale.o)
                0x0000000000084ec8                __locale_mb_cur_max
 .text.__smakebuf_r
                0x0000000000084ed4       0xe0 /home/g2/.arduinocdt/packages/arduino/tools/arm-none-eabi-gcc/4.8.3-2014q1/bin/../lib/gcc/arm-none-eabi/4.8.3/../../../../arm-none-eabi/lib/armv7-m/libc.a(lib_a-makebuf.o)
                0x0000000000084ed4                __smakebuf_r
 .text.memchr   0x0000000000084fb4       0x94 /home/g2/.arduinocdt/packages/arduino/tools/arm-none-eabi-gcc/4.8.3-2014q1/bin/../lib/gcc/arm-none-eabi/4.8.3/../../../../arm-none-eabi/lib/armv7-m/libc.a(lib_a-memchr-stub.o)
                0x0000000000084fb4                memchr
 .text          0x0000000000085048       0xec /home/g2/.arduinocdt/packages/arduino/tools/arm-none-eabi-gcc/4.8.3-2014q1/bin/../lib/gcc/arm-none-eabi/4.8.3/../../../../arm-none-eabi/lib/armv7-m/libc.a(lib_a-memcpy.o)
                0x0000000000085048                memcpy
 .text.memmove  0x0000000000085134       0xcc /home/g2/.arduinocdt/packages/arduino/tools/arm-none-eabi-gcc/4.8.3-2014q1/bin/../lib/gcc/arm-none-eabi/4.8.3/../../../../arm-none-eabi/lib/armv7-m/libc.a(lib_a-memmove.o)
                0x0000000000085134                memmove
 .text._realloc_r
                0x0000000000085200      0x3c0 /home/g2/.arduinocdt/packages/arduino/tools/arm-none-eabi-gcc/4.8.3-2014q1/bin/../lib/gcc/arm-none-eabi/4.8.3/../../../../arm-none-eabi/lib/armv7-m/libc.a(lib_a-reallocr.o)
                0x0000000000085200                _realloc_r
 .text._raise_r
                0x00000000000855c0       0x58 /home/g2/.arduinocdt/packages/arduino/tools/arm-none-eabi-gcc/4.8.3-2014q1/bin/../lib/gcc/arm-none-eabi/4.8.3/../../../../arm-none-eabi/lib/armv7-m/libc.a(lib_a-signal.o)
                0x00000000000855c0                _raise_r
 .text.raise    0x0000000000085618       0x10 /home/g2/.arduinocdt/packages/arduino/tools/arm-none-eabi-gcc/4.8.3-2014q1/bin/../lib/gcc/arm-none-eabi/4.8.3/../../../../arm-none-eabi/lib/armv7-m/libc.a(lib_a-signal.o)
                0x0000000000085618                raise
 .text._kill_r  0x0000000000085628       0x28 /home/g2/.arduinocdt/packages/arduino/tools/arm-none-eabi-gcc/4.8.3-2014q1/bin/../lib/gcc/arm-none-eabi/4.8.3/../../../../arm-none-eabi/lib/armv7-m/libc.a(lib_a-signalr.o)
                0x0000000000085628                _kill_r
 .text._getpid_r
                0x0000000000085650        0x4 /home/g2/.arduinocdt/packages/arduino/tools/arm-none-eabi-gcc/4.8.3-2014q1/bin/../lib/gcc/arm-none-eabi/4.8.3/../../../../arm-none-eabi/lib/armv7-m/libc.a(lib_a-signalr.o)
                0x0000000000085650                _getpid_r
 .text.__sread  0x0000000000085654       0x24 /home/g2/.arduinocdt/packages/arduino/tools/arm-none-eabi-gcc/4.8.3-2014q1/bin/../lib/gcc/arm-none-eabi/4.8.3/../../../../arm-none-eabi/lib/armv7-m/libc.a(lib_a-stdio.o)
                0x0000000000085654                __sread
 .text.__swrite
                0x0000000000085678       0x38 /home/g2/.arduinocdt/packages/arduino/tools/arm-none-eabi-gcc/4.8.3-2014q1/bin/../lib/gcc/arm-none-eabi/4.8.3/../../../../arm-none-eabi/lib/armv7-m/libc.a(lib_a-stdio.o)
                0x0000000000085678                __swrite
 .text.__sseek  0x00000000000856b0       0x20 /home/g2/.arduinocdt/packages/arduino/tools/arm-none-eabi-gcc/4.8.3-2014q1/bin/../lib/gcc/arm-none-eabi/4.8.3/../../../../arm-none-eabi/lib/armv7-m/libc.a(lib_a-stdio.o)
                0x00000000000856b0                __sseek
 .text.__sclose
                0x00000000000856d0        0x8 /home/g2/.arduinocdt/packages/arduino/tools/arm-none-eabi-gcc/4.8.3-2014q1/bin/../lib/gcc/arm-none-eabi/4.8.3/../../../../arm-none-eabi/lib/armv7-m/libc.a(lib_a-stdio.o)
                0x00000000000856d0                __sclose
 .text.__swbuf_r
                0x00000000000856d8       0xa8 /home/g2/.arduinocdt/packages/arduino/tools/arm-none-eabi-gcc/4.8.3-2014q1/bin/../lib/gcc/arm-none-eabi/4.8.3/../../../../arm-none-eabi/lib/armv7-m/libc.a(lib_a-wbuf.o)
                0x00000000000856d8                __swbuf_r
 .text._wcrtomb_r
                0x0000000000085780       0x50 /home/g2/.arduinocdt/packages/arduino/tools/arm-none-eabi-gcc/4.8.3-2014q1/bin/../lib/gcc/arm-none-eabi/4.8.3/../../../../arm-none-eabi/lib/armv7-m/libc.a(lib_a-wcrtomb.o)
                0x0000000000085780                _wcrtomb_r
 .text.__ascii_wctomb
                0x00000000000857d0       0x1c /home/g2/.arduinocdt/packages/arduino/tools/arm-none-eabi-gcc/4.8.3-2014q1/bin/../lib/gcc/arm-none-eabi/4.8.3/../../../../arm-none-eabi/lib/armv7-m/libc.a(lib_a-wctomb_r.o)
                0x00000000000857d0                __ascii_wctomb
 .text._write_r
                0x00000000000857ec       0x28 /home/g2/.arduinocdt/packages/arduino/tools/arm-none-eabi-gcc/4.8.3-2014q1/bin/../lib/gcc/arm-none-eabi/4.8.3/../../../../arm-none-eabi/lib/armv7-m/libc.a(lib_a-writer.o)
                0x00000000000857ec                _write_r
 .text._close_r
                0x0000000000085814       0x24 /home/g2/.arduinocdt/packages/arduino/tools/arm-none-eabi-gcc/4.8.3-2014q1/bin/../lib/gcc/arm-none-eabi/4.8.3/../../../../arm-none-eabi/lib/armv7-m/libc.a(lib_a-closer.o)
                0x0000000000085814                _close_r
 .text._fclose_r
                0x0000000000085838       0x80 /home/g2/.arduinocdt/packages/arduino/tools/arm-none-eabi-gcc/4.8.3-2014q1/bin/../lib/gcc/arm-none-eabi/4.8.3/../../../../arm-none-eabi/lib/armv7-m/libc.a(lib_a-fclose.o)
                0x0000000000085838                _fclose_r
 .text.fclose   0x00000000000858b8       0x10 /home/g2/.arduinocdt/packages/arduino/tools/arm-none-eabi-gcc/4.8.3-2014q1/bin/../lib/gcc/arm-none-eabi/4.8.3/../../../../arm-none-eabi/lib/armv7-m/libc.a(lib_a-fclose.o)
                0x00000000000858b8                fclose
 .text._fstat_r
                0x00000000000858c8       0x28 /home/g2/.arduinocdt/packages/arduino/tools/arm-none-eabi-gcc/4.8.3-2014q1/bin/../lib/gcc/arm-none-eabi/4.8.3/../../../../arm-none-eabi/lib/armv7-m/libc.a(lib_a-fstatr.o)
                0x00000000000858c8                _fstat_r
 .text._isatty_r
                0x00000000000858f0       0x24 /home/g2/.arduinocdt/packages/arduino/tools/arm-none-eabi-gcc/4.8.3-2014q1/bin/../lib/gcc/arm-none-eabi/4.8.3/../../../../arm-none-eabi/lib/armv7-m/libc.a(lib_a-isattyr.o)
                0x00000000000858f0                _isatty_r
 .text._lseek_r
                0x0000000000085914       0x28 /home/g2/.arduinocdt/packages/arduino/tools/arm-none-eabi-gcc/4.8.3-2014q1/bin/../lib/gcc/arm-none-eabi/4.8.3/../../../../arm-none-eabi/lib/armv7-m/libc.a(lib_a-lseekr.o)
                0x0000000000085914                _lseek_r
 .text._read_r  0x000000000008593c       0x28 /home/g2/.arduinocdt/packages/arduino/tools/arm-none-eabi-gcc/4.8.3-2014q1/bin/../lib/gcc/arm-none-eabi/4.8.3/../../../../arm-none-eabi/lib/armv7-m/libc.a(lib_a-readr.o)
                0x000000000008593c                _read_r
 .text          0x0000000000085964       0x2c /home/g2/.arduinocdt/packages/arduino/tools/arm-none-eabi-gcc/4.8.3-2014q1/bin/../lib/gcc/arm-none-eabi/4.8.3/armv7-m/libgcc.a(_aeabi_uldivmod.o)
                0x0000000000085964                __aeabi_uldivmod
 .text          0x0000000000085990       0x60 /home/g2/.arduinocdt/packages/arduino/tools/arm-none-eabi-gcc/4.8.3-2014q1/bin/../lib/gcc/arm-none-eabi/4.8.3/armv7-m/libgcc.a(bpabi.o)
                0x0000000000085990                __gnu_ldivmod_helper
                0x00000000000859c0                __gnu_uldivmod_helper
 .text          0x00000000000859f0        0x4 /home/g2/.arduinocdt/packages/arduino/tools/arm-none-eabi-gcc/4.8.3-2014q1/bin/../lib/gcc/arm-none-eabi/4.8.3/armv7-m/libgcc.a(_dvmd_tls.o)
                0x00000000000859f0                __aeabi_ldiv0
                0x00000000000859f0                __aeabi_idiv0
 .text          0x00000000000859f4      0x2a0 /home/g2/.arduinocdt/packages/arduino/tools/arm-none-eabi-gcc/4.8.3-2014q1/bin/../lib/gcc/arm-none-eabi/4.8.3/armv7-m/libgcc.a(_divdi3.o)
                0x00000000000859f4                __divdi3
 .text          0x0000000000085c94      0x290 /home/g2/.arduinocdt/packages/arduino/tools/arm-none-eabi-gcc/4.8.3-2014q1/bin/../lib/gcc/arm-none-eabi/4.8.3/armv7-m/libgcc.a(_udivdi3.o)
                0x0000000000085c94                __udivdi3
 *(.glue_7t)
 .glue_7t       0x0000000000000000        0x0 linker stubs
 *(.glue_7)
 .glue_7        0x0000000000000000        0x0 linker stubs
 *(.rodata .rodata* .gnu.linkonce.r.*)
 *fill*         0x0000000000085f24        0x4 
 .rodata._ZTV14CLEDController
                0x0000000000085f28       0x20 project/due_main.cpp.o
                0x0000000000085f28                vtable for CLEDController
 .rodata._ZTV30InlineBlockClocklessControllerILh7ELi25ELi27ELi27ELi54EL6EOrder66ELi0ELb0ELi50EE
                0x0000000000085f48       0x28 project/due_main.cpp.o
                0x0000000000085f48                vtable for InlineBlockClocklessController<(unsigned char)7, 25, 27, 27, 54, (EOrder)66, 0, false, 50>
 .rodata.str1.1
                0x0000000000085f70       0x31 project/due_main.cpp.o
 .rodata.__func__.6792
                0x0000000000085fa1        0xd /home/g2/.arduinocdt/packages/arduino/hardware/sam/1.6.12/variants/arduino_due_x/libsam_sam3x8e_gcc_rel.a(tc.o)
 .rodata.str1.1
                0x0000000000085fae       0x54 /home/g2/.arduinocdt/packages/arduino/hardware/sam/1.6.12/variants/arduino_due_x/libsam_sam3x8e_gcc_rel.a(tc.o)
 .rodata.__func__.6798
                0x0000000000086002        0x9 /home/g2/.arduinocdt/packages/arduino/hardware/sam/1.6.12/variants/arduino_due_x/libsam_sam3x8e_gcc_rel.a(tc.o)
 .rodata.__func__.6804
                0x000000000008600b        0x8 /home/g2/.arduinocdt/packages/arduino/hardware/sam/1.6.12/variants/arduino_due_x/libsam_sam3x8e_gcc_rel.a(tc.o)
 .rodata.STRING_PRODUCT
                0x0000000000086013        0xc ./core.a(USBCore.cpp.o)
                0x0000000000086013                STRING_PRODUCT
 .rodata.USB_DeviceDescriptor
                0x000000000008601f       0x12 ./core.a(USBCore.cpp.o)
                0x000000000008601f                USB_DeviceDescriptor
 *fill*         0x0000000000086031        0x1 
 .rodata.STRING_LANGUAGE
                0x0000000000086032        0x4 ./core.a(USBCore.cpp.o)
                0x0000000000086032                STRING_LANGUAGE
 .rodata._ZL18test_packet_buffer
                0x0000000000086036       0x35 ./core.a(USBCore.cpp.o)
 .rodata.STRING_MANUFACTURER
                0x000000000008606b        0xc ./core.a(USBCore.cpp.o)
                0x000000000008606b                STRING_MANUFACTURER
 .rodata.USB_DeviceDescriptorA
                0x0000000000086077       0x12 ./core.a(USBCore.cpp.o)
                0x0000000000086077                USB_DeviceDescriptorA
 .rodata._ZL19USB_DeviceQualifier
                0x0000000000086089        0x9 ./core.a(USBCore.cpp.o)
 .rodata.str1.1
                0x0000000000086092        0xf ./core.a(Print.cpp.o)
 *fill*         0x00000000000860a1        0x7 
 .rodata._ZTV10USARTClass
                0x00000000000860a8       0x30 ./core.a(USARTClass.cpp.o)
                0x00000000000860a8                vtable for USARTClass
 .rodata._ZTV9UARTClass
                0x00000000000860d8       0x30 ./core.a(UARTClass.cpp.o)
                0x00000000000860d8                vtable for UARTClass
 .rodata.g_APinDescription
                0x0000000000086108      0xa2c ./core.a(variant.cpp.o)
                0x0000000000086108                g_APinDescription
 *fill*         0x0000000000086b34        0x4 
 .rodata._ZTV7Serial_
                0x0000000000086b38       0x28 ./core.a(CDC.cpp.o)
                0x0000000000086b38                vtable for Serial_
 .rodata._ZL18_cdcOtherInterface
                0x0000000000086b60       0x42 ./core.a(CDC.cpp.o)
 .rodata._ZL13_cdcInterface
                0x0000000000086ba2       0x42 ./core.a(CDC.cpp.o)
 .rodata        0x0000000000086be4       0x40 /home/g2/.arduinocdt/packages/arduino/hardware/sam/1.6.12/variants/arduino_due_x/libsam_sam3x8e_gcc_rel.a(adc.o)
 .rodata.str1.4
                0x0000000000086c24       0x3f /home/g2/.arduinocdt/packages/arduino/tools/arm-none-eabi-gcc/4.8.3-2014q1/bin/../lib/gcc/arm-none-eabi/4.8.3/../../../../arm-none-eabi/lib/armv7-m/libc.a(lib_a-assert.o)
                                         0x44 (size before relaxing)
 *fill*         0x0000000000086c63        0x1 
 .rodata.str1.4
                0x0000000000086c64        0x2 /home/g2/.arduinocdt/packages/arduino/tools/arm-none-eabi-gcc/4.8.3-2014q1/bin/../lib/gcc/arm-none-eabi/4.8.3/../../../../arm-none-eabi/lib/armv7-m/libc.a(lib_a-impure.o)
                                          0x4 (size before relaxing)
 *fill*         0x0000000000086c66        0x2 
 .rodata.blanks.6717
                0x0000000000086c68       0x10 /home/g2/.arduinocdt/packages/arduino/tools/arm-none-eabi-gcc/4.8.3-2014q1/bin/../lib/gcc/arm-none-eabi/4.8.3/../../../../arm-none-eabi/lib/armv7-m/libc.a(lib_a-vfiprintf.o)
 .rodata.str1.4
                0x0000000000086c78       0x30 /home/g2/.arduinocdt/packages/arduino/tools/arm-none-eabi-gcc/4.8.3-2014q1/bin/../lib/gcc/arm-none-eabi/4.8.3/../../../../arm-none-eabi/lib/armv7-m/libc.a(lib_a-vfiprintf.o)
 .rodata.zeroes.6718
                0x0000000000086ca8       0x10 /home/g2/.arduinocdt/packages/arduino/tools/arm-none-eabi-gcc/4.8.3-2014q1/bin/../lib/gcc/arm-none-eabi/4.8.3/../../../../arm-none-eabi/lib/armv7-m/libc.a(lib_a-vfiprintf.o)
 .rodata._ctype_
                0x0000000000086cb8      0x104 /home/g2/.arduinocdt/packages/arduino/tools/arm-none-eabi-gcc/4.8.3-2014q1/bin/../lib/gcc/arm-none-eabi/4.8.3/../../../../arm-none-eabi/lib/armv7-m/libc.a(lib_a-ctype_.o)
                0x0000000000086cb8                _ctype_
 *(.ARM.extab* .gnu.linkonce.armextab.*)
                0x0000000000086dbc                . = ALIGN (0x4)
 *(.init)
 .init          0x0000000000086dbc        0x4 /home/g2/.arduinocdt/packages/arduino/tools/arm-none-eabi-gcc/4.8.3-2014q1/bin/../lib/gcc/arm-none-eabi/4.8.3/armv7-m/crti.o
                0x0000000000086dbc                _init
 .init          0x0000000000086dc0        0x8 /home/g2/.arduinocdt/packages/arduino/tools/arm-none-eabi-gcc/4.8.3-2014q1/bin/../lib/gcc/arm-none-eabi/4.8.3/armv7-m/crtn.o
                0x0000000000086dc8                . = ALIGN (0x4)
                0x0000000000086dc8                __preinit_array_start = .
 *(.preinit_array)
                0x0000000000086dc8                __preinit_array_end = .
                0x0000000000086dc8                . = ALIGN (0x4)
                0x0000000000086dc8                __init_array_start = .
 *(SORT(.init_array.*))
 .init_array.00000
                0x0000000000086dc8        0x4 /home/g2/.arduinocdt/packages/arduino/tools/arm-none-eabi-gcc/4.8.3-2014q1/bin/../lib/gcc/arm-none-eabi/4.8.3/../../../../arm-none-eabi/lib/armv7-m/libc.a(lib_a-__call_atexit.o)
 *(.init_array)
 .init_array    0x0000000000086dcc        0x4 /home/g2/.arduinocdt/packages/arduino/tools/arm-none-eabi-gcc/4.8.3-2014q1/bin/../lib/gcc/arm-none-eabi/4.8.3/armv7-m/crtbegin.o
 .init_array    0x0000000000086dd0        0x4 project/due_main.cpp.o
 .init_array    0x0000000000086dd4        0x4 libraries/FastLED/3.3.2/FastLED.cpp.o
 .init_array    0x0000000000086dd8        0x4 ./core.a(USBCore.cpp.o)
 .init_array    0x0000000000086ddc        0x4 ./core.a(variant.cpp.o)
 .init_array    0x0000000000086de0        0x4 ./core.a(CDC.cpp.o)
                0x0000000000086de4                __init_array_end = .
                0x0000000000086de4                . = ALIGN (0x4)
 *crtbegin.o(.ctors)
 *(EXCLUDE_FILE(*crtend.o) .ctors)
 *(SORT(.ctors.*))
 *crtend.o(.ctors)
                0x0000000000086de4                . = ALIGN (0x4)
 *(.fini)
 .fini          0x0000000000086de4        0x4 /home/g2/.arduinocdt/packages/arduino/tools/arm-none-eabi-gcc/4.8.3-2014q1/bin/../lib/gcc/arm-none-eabi/4.8.3/armv7-m/crti.o
                0x0000000000086de4                _fini
 .fini          0x0000000000086de8        0x8 /home/g2/.arduinocdt/packages/arduino/tools/arm-none-eabi-gcc/4.8.3-2014q1/bin/../lib/gcc/arm-none-eabi/4.8.3/armv7-m/crtn.o
                0x0000000000086df0                . = ALIGN (0x4)
                0x0000000000086df0                __fini_array_start = .
 *(.fini_array)
 .fini_array    0x0000000000086df0        0x4 /home/g2/.arduinocdt/packages/arduino/tools/arm-none-eabi-gcc/4.8.3-2014q1/bin/../lib/gcc/arm-none-eabi/4.8.3/armv7-m/crtbegin.o
 *(SORT(.fini_array.*))
                0x0000000000086df4                __fini_array_end = .
 *crtbegin.o(.dtors)
 *(EXCLUDE_FILE(*crtend.o) .dtors)
 *(SORT(.dtors.*))
 *crtend.o(.dtors)
                0x0000000000086df4                . = ALIGN (0x4)
                0x0000000000086df4                _efixed = .
                0x0000000000086df4                PROVIDE (__exidx_start, .)

.vfp11_veneer   0x0000000000086df4        0x0
 .vfp11_veneer  0x0000000000000000        0x0 linker stubs

.v4_bx          0x0000000000086df4        0x0
 .v4_bx         0x0000000000000000        0x0 linker stubs

.iplt           0x0000000000086df4        0x0
 .iplt          0x0000000000000000        0x0 /home/g2/.arduinocdt/packages/arduino/tools/arm-none-eabi-gcc/4.8.3-2014q1/bin/../lib/gcc/arm-none-eabi/4.8.3/armv7-m/crtbegin.o

.ARM.exidx      0x0000000000086df4        0x8
 *(.ARM.exidx* .gnu.linkonce.armexidx.*)
 .ARM.exidx     0x0000000000086df4        0x8 /home/g2/.arduinocdt/packages/arduino/tools/arm-none-eabi-gcc/4.8.3-2014q1/bin/../lib/gcc/arm-none-eabi/4.8.3/armv7-m/libgcc.a(_divdi3.o)
 .ARM.exidx     0x0000000000086dfc        0x0 /home/g2/.arduinocdt/packages/arduino/tools/arm-none-eabi-gcc/4.8.3-2014q1/bin/../lib/gcc/arm-none-eabi/4.8.3/armv7-m/libgcc.a(_udivdi3.o)
                                          0x8 (size before relaxing)
                0x0000000000086dfc                PROVIDE (__exidx_end, .)

.eh_frame       0x0000000000086dfc        0x0
 .eh_frame      0x0000000000086dfc        0x0 /home/g2/.arduinocdt/packages/arduino/tools/arm-none-eabi-gcc/4.8.3-2014q1/bin/../lib/gcc/arm-none-eabi/4.8.3/armv7-m/crtbegin.o

.rel.dyn        0x0000000000086dfc        0x0
 .rel.iplt      0x0000000000000000        0x0 /home/g2/.arduinocdt/packages/arduino/tools/arm-none-eabi-gcc/4.8.3-2014q1/bin/../lib/gcc/arm-none-eabi/4.8.3/armv7-m/crtbegin.o

.jcr            0x0000000000086dfc        0x0
 .jcr           0x0000000000086dfc        0x0 /home/g2/.arduinocdt/packages/arduino/tools/arm-none-eabi-gcc/4.8.3-2014q1/bin/../lib/gcc/arm-none-eabi/4.8.3/armv7-m/crtbegin.o

.igot.plt       0x0000000000086dfc        0x0
 .igot.plt      0x0000000000000000        0x0 /home/g2/.arduinocdt/packages/arduino/tools/arm-none-eabi-gcc/4.8.3-2014q1/bin/../lib/gcc/arm-none-eabi/4.8.3/armv7-m/crtbegin.o
                0x0000000000086dfc                . = ALIGN (0x4)
                0x0000000000086dfc                _etext = .

.relocate       0x0000000020070000      0x8f8 load address 0x0000000000086dfc
                0x0000000020070000                . = ALIGN (0x4)
                0x0000000020070000                _srelocate = .
 *(.ramfunc .ramfunc.*)
 .ramfunc       0x0000000020070000       0x2c ./core.a(Reset.cpp.o)
                0x0000000020070000                banzai
 *(.data .data.*)
 .data.dotSpeedAccelerateMax
                0x000000002007002c        0x4 project/due_main.cpp.o
                0x000000002007002c                dotSpeedAccelerateMax
 .data.brightness
                0x0000000020070030        0x1 project/due_main.cpp.o
                0x0000000020070030                brightness
 .data.command  0x0000000020070031        0x1 project/due_main.cpp.o
                0x0000000020070031                command
 *fill*         0x0000000020070032        0x2 
 .data.dotSpeedMax
                0x0000000020070034        0x4 project/due_main.cpp.o
                0x0000000020070034                dotSpeedMax
 .data.dotSpeedHoldMax
                0x0000000020070038        0x4 project/due_main.cpp.o
                0x0000000020070038                dotSpeedHoldMax
 .data.initialSpeedV
                0x000000002007003c        0x4 project/due_main.cpp.o
                0x000000002007003c                initialSpeedV
 .data.colorPickerColor
                0x0000000020070040        0x4 project/due_main.cpp.o
                0x0000000020070040                colorPickerColor
 .data.currentColourV
                0x0000000020070044        0x4 project/due_main.cpp.o
                0x0000000020070044                currentColourV
 .data.EndPoints
                0x0000000020070048       0x28 ./core.a(USBCore.cpp.o)
                0x0000000020070048                EndPoints
 .data.latestSelectedChannel.9384
                0x0000000020070070        0x4 ./core.a(wiring_analog.c.o)
 .data._readResolution
                0x0000000020070074        0x4 ./core.a(wiring_analog.c.o)
 .data._ZL5ticks
                0x0000000020070078        0x4 ./core.a(Reset.cpp.o)
 .data._ZL10breakValue
                0x000000002007007c        0x4 ./core.a(CDC.cpp.o)
 .data._ZL12_usbLineInfo
                0x0000000020070080        0x8 ./core.a(CDC.cpp.o)
 .data.SystemCoreClock
                0x0000000020070088        0x4 /home/g2/.arduinocdt/packages/arduino/hardware/sam/1.6.12/variants/arduino_due_x/libsam_sam3x8e_gcc_rel.a(system_sam3xa.o)
                0x0000000020070088                SystemCoreClock
 .data.g_interrupt_enabled
                0x000000002007008c        0x4 /home/g2/.arduinocdt/packages/arduino/hardware/sam/1.6.12/variants/arduino_due_x/libsam_sam3x8e_gcc_rel.a(interrupt_sam_nvic.o)
                0x000000002007008c                g_interrupt_enabled
 .data.impure_data
                0x0000000020070090      0x428 /home/g2/.arduinocdt/packages/arduino/tools/arm-none-eabi-gcc/4.8.3-2014q1/bin/../lib/gcc/arm-none-eabi/4.8.3/../../../../arm-none-eabi/lib/armv7-m/libc.a(lib_a-impure.o)
 .data._impure_ptr
                0x00000000200704b8        0x4 /home/g2/.arduinocdt/packages/arduino/tools/arm-none-eabi-gcc/4.8.3-2014q1/bin/../lib/gcc/arm-none-eabi/4.8.3/../../../../arm-none-eabi/lib/armv7-m/libc.a(lib_a-impure.o)
                0x00000000200704b8                _impure_ptr
 .data.__malloc_av_
                0x00000000200704bc      0x408 /home/g2/.arduinocdt/packages/arduino/tools/arm-none-eabi-gcc/4.8.3-2014q1/bin/../lib/gcc/arm-none-eabi/4.8.3/../../../../arm-none-eabi/lib/armv7-m/libc.a(lib_a-mallocr.o)
                0x00000000200704bc                __malloc_av_
 .data.__malloc_trim_threshold
                0x00000000200708c4        0x4 /home/g2/.arduinocdt/packages/arduino/tools/arm-none-eabi-gcc/4.8.3-2014q1/bin/../lib/gcc/arm-none-eabi/4.8.3/../../../../arm-none-eabi/lib/armv7-m/libc.a(lib_a-mallocr.o)
                0x00000000200708c4                __malloc_trim_threshold
 .data.__malloc_sbrk_base
                0x00000000200708c8        0x4 /home/g2/.arduinocdt/packages/arduino/tools/arm-none-eabi-gcc/4.8.3-2014q1/bin/../lib/gcc/arm-none-eabi/4.8.3/../../../../arm-none-eabi/lib/armv7-m/libc.a(lib_a-mallocr.o)
                0x00000000200708c8                __malloc_sbrk_base
 .data.__ctype_ptr__
                0x00000000200708cc        0x4 /home/g2/.arduinocdt/packages/arduino/tools/arm-none-eabi-gcc/4.8.3-2014q1/bin/../lib/gcc/arm-none-eabi/4.8.3/../../../../arm-none-eabi/lib/armv7-m/libc.a(lib_a-ctype_.o)
                0x00000000200708cc                __ctype_ptr__
 .data.lc_ctype_charset
                0x00000000200708d0       0x20 /home/g2/.arduinocdt/packages/arduino/tools/arm-none-eabi-gcc/4.8.3-2014q1/bin/../lib/gcc/arm-none-eabi/4.8.3/../../../../arm-none-eabi/lib/armv7-m/libc.a(lib_a-locale.o)
 .data.__mb_cur_max
                0x00000000200708f0        0x4 /home/g2/.arduinocdt/packages/arduino/tools/arm-none-eabi-gcc/4.8.3-2014q1/bin/../lib/gcc/arm-none-eabi/4.8.3/../../../../arm-none-eabi/lib/armv7-m/libc.a(lib_a-locale.o)
                0x00000000200708f0                __mb_cur_max
 .data.__wctomb
                0x00000000200708f4        0x4 /home/g2/.arduinocdt/packages/arduino/tools/arm-none-eabi-gcc/4.8.3-2014q1/bin/../lib/gcc/arm-none-eabi/4.8.3/../../../../arm-none-eabi/lib/armv7-m/libc.a(lib_a-wctomb_r.o)
                0x00000000200708f4                __wctomb
                0x00000000200708f8                . = ALIGN (0x4)
                0x00000000200708f8                _erelocate = .

.bss            0x00000000200708f8     0x1a24 load address 0x00000000000876f4
                0x00000000200708f8                . = ALIGN (0x4)
                0x00000000200708f8                _sbss = .
                0x00000000200708f8                _szero = .
 *(.bss .bss.*)
 .bss           0x00000000200708f8       0x1c /home/g2/.arduinocdt/packages/arduino/tools/arm-none-eabi-gcc/4.8.3-2014q1/bin/../lib/gcc/arm-none-eabi/4.8.3/armv7-m/crtbegin.o
 .bss._ZZN15PixelControllerIL6EOrder66ELi7ELm127EE21init_binary_ditheringEvE1R
                0x0000000020070914        0x1 project/due_main.cpp.o
                0x0000000020070914                PixelController<(EOrder)66, 7, 127ul>::init_binary_dithering()::R
 *fill*         0x0000000020070915        0x1 
 .bss.raw_data  0x0000000020070916       0xe0 project/due_main.cpp.o
                0x0000000020070916                raw_data
 *fill*         0x00000000200709f6        0x2 
 .bss.dotSpeedHold
                0x00000000200709f8       0x38 project/due_main.cpp.o
                0x00000000200709f8                dotSpeedHold
 .bss.cycleSpeedH
                0x0000000020070a30        0x4 project/due_main.cpp.o
                0x0000000020070a30                cycleSpeedH
 .bss.strip     0x0000000020070a34      0xbd0 project/due_main.cpp.o
                0x0000000020070a34                strip
 .bss.dotSpeedCurrent
                0x0000000020071604       0x38 project/due_main.cpp.o
                0x0000000020071604                dotSpeedCurrent
 .bss.dotSpeedAccelerate
                0x000000002007163c       0x38 project/due_main.cpp.o
                0x000000002007163c                dotSpeedAccelerate
 .bss.rainbowBG_CRGB
                0x0000000020071674       0xd8 project/due_main.cpp.o
                0x0000000020071674                rainbowBG_CRGB
 .bss.col       0x000000002007174c        0x1 project/due_main.cpp.o
                0x000000002007174c                col
 *fill*         0x000000002007174d        0x1 
 .bss.data      0x000000002007174e       0x1c project/due_main.cpp.o
                0x000000002007174e                data
 .bss.rainbowBGCycleV_CRGB
                0x000000002007176a      0x2fd project/due_main.cpp.o
                0x000000002007176a                rainbowBGCycleV_CRGB
 .bss.rainbowBGCycleH_CRGB
                0x0000000020071a67       0x2a project/due_main.cpp.o
                0x0000000020071a67                rainbowBGCycleH_CRGB
 .bss._ZZ9rainbowBGvE13calc_complete
                0x0000000020071a91        0x1 project/due_main.cpp.o
 .bss.command_last
                0x0000000020071a92        0x1 project/due_main.cpp.o
                0x0000000020071a92                command_last
 .bss.red_dot   0x0000000020071a93        0xe project/due_main.cpp.o
                0x0000000020071a93                red_dot
 *fill*         0x0000000020071aa1        0x3 
 .bss.initialSpeedH
                0x0000000020071aa4        0x4 project/due_main.cpp.o
                0x0000000020071aa4                initialSpeedH
 .bss.cycleSpeedV
                0x0000000020071aa8        0x4 project/due_main.cpp.o
                0x0000000020071aa8                cycleSpeedV
 .bss.row       0x0000000020071aac        0x1 project/due_main.cpp.o
                0x0000000020071aac                row
 *fill*         0x0000000020071aad        0x3 
 .bss.dotSpeed  0x0000000020071ab0       0x38 project/due_main.cpp.o
                0x0000000020071ab0                dotSpeed
 .bss.currentStrip
                0x0000000020071ae8        0x1 project/due_main.cpp.o
                0x0000000020071ae8                currentStrip
 *fill*         0x0000000020071ae9        0x3 
 .bss.FastLED   0x0000000020071aec       0x10 libraries/FastLED/3.3.2/FastLED.cpp.o
                0x0000000020071aec                FastLED
 .bss._ZN14CLEDController7m_pHeadE
                0x0000000020071afc        0x4 libraries/FastLED/3.3.2/FastLED.cpp.o
                0x0000000020071afc                CLEDController::m_pHead
 .bss._ZZN8CFastLED8countFPSEiE2br
                0x0000000020071b00        0x4 libraries/FastLED/3.3.2/FastLED.cpp.o
 .bss._ZL8lastshow
                0x0000000020071b04        0x4 libraries/FastLED/3.3.2/FastLED.cpp.o
 .bss._ZZN8CFastLED8countFPSEiE9lastframe
                0x0000000020071b08        0x4 libraries/FastLED/3.3.2/FastLED.cpp.o
 .bss._ZN14CLEDController7m_pTailE
                0x0000000020071b0c        0x4 libraries/FastLED/3.3.2/FastLED.cpp.o
                0x0000000020071b0c                CLEDController::m_pTail
 .bss.gpf_isr   0x0000000020071b10        0x4 /home/g2/.arduinocdt/packages/arduino/hardware/sam/1.6.12/variants/arduino_due_x/libsam_sam3x8e_gcc_rel.a(uotghs.o)
                0x0000000020071b10                gpf_isr
 .bss.heap.6420
                0x0000000020071b14        0x4 ./core.a(syscalls_sam3.c.o)
 .bss._cmark    0x0000000020071b18        0x2 ./core.a(USBCore.cpp.o)
                0x0000000020071b18                _cmark
 .bss._ZL14isEndpointHalt
                0x0000000020071b1a        0x1 ./core.a(USBCore.cpp.o)
 *fill*         0x0000000020071b1b        0x1 
 .bss._cdcComposite
                0x0000000020071b1c        0x4 ./core.a(USBCore.cpp.o)
                0x0000000020071b1c                _cdcComposite
 .bss._ZL21isRemoteWakeUpEnabled
                0x0000000020071b20        0x1 ./core.a(USBCore.cpp.o)
 *fill*         0x0000000020071b21        0x3 
 .bss._usbInitialized
                0x0000000020071b24        0x4 ./core.a(USBCore.cpp.o)
                0x0000000020071b24                _usbInitialized
 .bss.USBDevice
                0x0000000020071b28        0x1 ./core.a(USBCore.cpp.o)
                0x0000000020071b28                USBDevice
 *fill*         0x0000000020071b29        0x3 
 .bss._usbSetInterface
                0x0000000020071b2c        0x4 ./core.a(USBCore.cpp.o)
                0x0000000020071b2c                _usbSetInterface
 .bss._cend     0x0000000020071b30        0x2 ./core.a(USBCore.cpp.o)
                0x0000000020071b30                _cend
 *fill*         0x0000000020071b32        0x2 
 .bss._usbConfiguration
                0x0000000020071b34        0x4 ./core.a(USBCore.cpp.o)
                0x0000000020071b34                _usbConfiguration
 .bss._ZZ12PluggableUSBvE3obj
                0x0000000020071b38        0x8 ./core.a(PluggableUSB.cpp.o)
 .bss._ZGVZ12PluggableUSBvE3obj
                0x0000000020071b40        0x4 ./core.a(PluggableUSB.cpp.o)
 .bss.tx_buffer2
                0x0000000020071b44       0x88 ./core.a(variant.cpp.o)
                0x0000000020071b44                tx_buffer2
 .bss.tx_buffer1
                0x0000000020071bcc       0x88 ./core.a(variant.cpp.o)
                0x0000000020071bcc                tx_buffer1
 .bss.Serial    0x0000000020071c54       0x24 ./core.a(variant.cpp.o)
                0x0000000020071c54                Serial
 .bss.rx_buffer1
                0x0000000020071c78       0x88 ./core.a(variant.cpp.o)
                0x0000000020071c78                rx_buffer1
 .bss.Serial1   0x0000000020071d00       0x28 ./core.a(variant.cpp.o)
                0x0000000020071d00                Serial1
 .bss.Serial2   0x0000000020071d28       0x28 ./core.a(variant.cpp.o)
                0x0000000020071d28                Serial2
 .bss.Serial3   0x0000000020071d50       0x28 ./core.a(variant.cpp.o)
                0x0000000020071d50                Serial3
 .bss.tx_buffer3
                0x0000000020071d78       0x88 ./core.a(variant.cpp.o)
                0x0000000020071d78                tx_buffer3
 .bss.tx_buffer4
                0x0000000020071e00       0x88 ./core.a(variant.cpp.o)
                0x0000000020071e00                tx_buffer4
 .bss.g_pinStatus
                0x0000000020071e88       0x4f ./core.a(variant.cpp.o)
                0x0000000020071e88                g_pinStatus
 *fill*         0x0000000020071ed7        0x1 
 .bss.rx_buffer2
                0x0000000020071ed8       0x88 ./core.a(variant.cpp.o)
                0x0000000020071ed8                rx_buffer2
 .bss.rx_buffer3
                0x0000000020071f60       0x88 ./core.a(variant.cpp.o)
                0x0000000020071f60                rx_buffer3
 .bss.rx_buffer4
                0x0000000020071fe8       0x88 ./core.a(variant.cpp.o)
                0x0000000020071fe8                rx_buffer4
 .bss.cdc_rx_buffer
                0x0000000020072070      0x208 ./core.a(CDC.cpp.o)
                0x0000000020072070                cdc_rx_buffer
 .bss._ZZN7Serial_6acceptEvE5guard
                0x0000000020072278        0x4 ./core.a(CDC.cpp.o)
 .bss.SerialUSB
                0x000000002007227c       0x14 ./core.a(CDC.cpp.o)
                0x000000002007227c                SerialUSB
 .bss._dwTickCount
                0x0000000020072290        0x4 /home/g2/.arduinocdt/packages/arduino/hardware/sam/1.6.12/variants/arduino_due_x/libsam_sam3x8e_gcc_rel.a(timetick.o)
 .bss.ul_recv_fifo_ptr
                0x0000000020072294       0x28 /home/g2/.arduinocdt/packages/arduino/hardware/sam/1.6.12/variants/arduino_due_x/libsam_sam3x8e_gcc_rel.a(uotghs_device.o)
 .bss.ul_send_fifo_ptr
                0x00000000200722bc       0x28 /home/g2/.arduinocdt/packages/arduino/hardware/sam/1.6.12/variants/arduino_due_x/libsam_sam3x8e_gcc_rel.a(uotghs_device.o)
 .bss.__malloc_max_total_mem
                0x00000000200722e4        0x4 /home/g2/.arduinocdt/packages/arduino/tools/arm-none-eabi-gcc/4.8.3-2014q1/bin/../lib/gcc/arm-none-eabi/4.8.3/../../../../arm-none-eabi/lib/armv7-m/libc.a(lib_a-mallocr.o)
                0x00000000200722e4                __malloc_max_total_mem
 .bss.__malloc_max_sbrked_mem
                0x00000000200722e8        0x4 /home/g2/.arduinocdt/packages/arduino/tools/arm-none-eabi-gcc/4.8.3-2014q1/bin/../lib/gcc/arm-none-eabi/4.8.3/../../../../arm-none-eabi/lib/armv7-m/libc.a(lib_a-mallocr.o)
                0x00000000200722e8                __malloc_max_sbrked_mem
 .bss.__malloc_top_pad
                0x00000000200722ec        0x4 /home/g2/.arduinocdt/packages/arduino/tools/arm-none-eabi-gcc/4.8.3-2014q1/bin/../lib/gcc/arm-none-eabi/4.8.3/../../../../arm-none-eabi/lib/armv7-m/libc.a(lib_a-mallocr.o)
                0x00000000200722ec                __malloc_top_pad
 .bss.__malloc_current_mallinfo
                0x00000000200722f0       0x28 /home/g2/.arduinocdt/packages/arduino/tools/arm-none-eabi-gcc/4.8.3-2014q1/bin/../lib/gcc/arm-none-eabi/4.8.3/../../../../arm-none-eabi/lib/armv7-m/libc.a(lib_a-mallocr.o)
                0x00000000200722f0                __malloc_current_mallinfo
 *(COMMON)
 COMMON         0x0000000020072318        0x4 /home/g2/.arduinocdt/packages/arduino/tools/arm-none-eabi-gcc/4.8.3-2014q1/bin/../lib/gcc/arm-none-eabi/4.8.3/../../../../arm-none-eabi/lib/armv7-m/libc.a(lib_a-reent.o)
                0x0000000020072318                errno
                0x000000002007231c                . = ALIGN (0x4)
                0x000000002007231c                _ebss = .
                0x000000002007231c                _ezero = .
                0x000000002007231c                . = ALIGN (0x4)
                0x000000002007231c                _end = .

.stack_dummy    0x000000002007231c        0x0
 *(.stack*)
                0x0000000020088000                __StackTop = (ORIGIN (ram) + 0x18000)
                0x0000000020088000                __StackLimit = (__StackTop - SIZEOF (.stack_dummy))
                0x0000000020088000                PROVIDE (_sstack, __StackLimit)
                0x0000000020088000                PROVIDE (_estack, __StackTop)
OUTPUT(./due_ws2812b.elf elf32-littlearm)

.ARM.attributes
                0x0000000000000000       0x29
 .ARM.attributes
                0x0000000000000000       0x1d /home/g2/.arduinocdt/packages/arduino/tools/arm-none-eabi-gcc/4.8.3-2014q1/bin/../lib/gcc/arm-none-eabi/4.8.3/armv7-m/crti.o
 .ARM.attributes
                0x000000000000001d       0x2d /home/g2/.arduinocdt/packages/arduino/tools/arm-none-eabi-gcc/4.8.3-2014q1/bin/../lib/gcc/arm-none-eabi/4.8.3/armv7-m/crtbegin.o
 .ARM.attributes
                0x000000000000004a       0x33 project/due_main.cpp.o
 .ARM.attributes
                0x000000000000007d       0x33 libraries/FastLED/3.3.2/FastLED.cpp.o
 .ARM.attributes
                0x00000000000000b0       0x33 libraries/FastLED/3.3.2/hsv2rgb.cpp.o
 .ARM.attributes
                0x00000000000000e3       0x33 /home/g2/.arduinocdt/packages/arduino/hardware/sam/1.6.12/variants/arduino_due_x/libsam_sam3x8e_gcc_rel.a(pmc.o)
 .ARM.attributes
                0x0000000000000116       0x33 /home/g2/.arduinocdt/packages/arduino/hardware/sam/1.6.12/variants/arduino_due_x/libsam_sam3x8e_gcc_rel.a(tc.o)
 .ARM.attributes
                0x0000000000000149       0x33 /home/g2/.arduinocdt/packages/arduino/hardware/sam/1.6.12/variants/arduino_due_x/libsam_sam3x8e_gcc_rel.a(startup_sam3xa.o)
 .ARM.attributes
                0x000000000000017c       0x33 /home/g2/.arduinocdt/packages/arduino/hardware/sam/1.6.12/variants/arduino_due_x/libsam_sam3x8e_gcc_rel.a(uotghs.o)
 .ARM.attributes
                0x00000000000001af       0x33 ./core.a(syscalls_sam3.c.o)
 .ARM.attributes
                0x00000000000001e2       0x33 ./core.a(new.cpp.o)
 .ARM.attributes
                0x0000000000000215       0x33 ./core.a(cortex_handlers.c.o)
 .ARM.attributes
                0x0000000000000248       0x33 ./core.a(main.cpp.o)
 .ARM.attributes
                0x000000000000027b       0x33 ./core.a(USBCore.cpp.o)
 .ARM.attributes
                0x00000000000002ae       0x33 ./core.a(PluggableUSB.cpp.o)
 .ARM.attributes
                0x00000000000002e1       0x33 ./core.a(Print.cpp.o)
 .ARM.attributes
                0x0000000000000314       0x33 ./core.a(hooks.c.o)
 .ARM.attributes
                0x0000000000000347       0x33 ./core.a(abi.cpp.o)
 .ARM.attributes
                0x000000000000037a       0x33 ./core.a(WMath.cpp.o)
 .ARM.attributes
                0x00000000000003ad       0x33 ./core.a(USARTClass.cpp.o)
 .ARM.attributes
                0x00000000000003e0       0x33 ./core.a(wiring.c.o)
 .ARM.attributes
                0x0000000000000413       0x33 ./core.a(wiring_digital.c.o)
 .ARM.attributes
                0x0000000000000446       0x33 ./core.a(UARTClass.cpp.o)
 .ARM.attributes
                0x0000000000000479       0x33 ./core.a(wiring_analog.c.o)
 .ARM.attributes
                0x00000000000004ac       0x33 ./core.a(variant.cpp.o)
 .ARM.attributes
                0x00000000000004df       0x33 ./core.a(Reset.cpp.o)
 .ARM.attributes
                0x0000000000000512       0x33 ./core.a(watchdog.cpp.o)
 .ARM.attributes
                0x0000000000000545       0x33 ./core.a(CDC.cpp.o)
 .ARM.attributes
                0x0000000000000578       0x33 ./core.a(RingBuffer.cpp.o)
 .ARM.attributes
                0x00000000000005ab       0x33 /home/g2/.arduinocdt/packages/arduino/hardware/sam/1.6.12/variants/arduino_due_x/libsam_sam3x8e_gcc_rel.a(pio.o)
 .ARM.attributes
                0x00000000000005de       0x33 /home/g2/.arduinocdt/packages/arduino/hardware/sam/1.6.12/variants/arduino_due_x/libsam_sam3x8e_gcc_rel.a(timetick.o)
 .ARM.attributes
                0x0000000000000611       0x33 /home/g2/.arduinocdt/packages/arduino/hardware/sam/1.6.12/variants/arduino_due_x/libsam_sam3x8e_gcc_rel.a(wdt.o)
 .ARM.attributes
                0x0000000000000644       0x33 /home/g2/.arduinocdt/packages/arduino/hardware/sam/1.6.12/variants/arduino_due_x/libsam_sam3x8e_gcc_rel.a(system_sam3xa.o)
 .ARM.attributes
                0x0000000000000677       0x33 /home/g2/.arduinocdt/packages/arduino/hardware/sam/1.6.12/variants/arduino_due_x/libsam_sam3x8e_gcc_rel.a(adc.o)
 .ARM.attributes
                0x00000000000006aa       0x33 /home/g2/.arduinocdt/packages/arduino/hardware/sam/1.6.12/variants/arduino_due_x/libsam_sam3x8e_gcc_rel.a(interrupt_sam_nvic.o)
 .ARM.attributes
                0x00000000000006dd       0x33 /home/g2/.arduinocdt/packages/arduino/hardware/sam/1.6.12/variants/arduino_due_x/libsam_sam3x8e_gcc_rel.a(uotghs_device.o)
 .ARM.attributes
                0x0000000000000710       0x2d /home/g2/.arduinocdt/packages/arduino/tools/arm-none-eabi-gcc/4.8.3-2014q1/bin/../lib/gcc/arm-none-eabi/4.8.3/../../../../arm-none-eabi/lib/armv7-m/libc.a(lib_a-assert.o)
 .ARM.attributes
                0x000000000000073d       0x2d /home/g2/.arduinocdt/packages/arduino/tools/arm-none-eabi-gcc/4.8.3-2014q1/bin/../lib/gcc/arm-none-eabi/4.8.3/../../../../arm-none-eabi/lib/armv7-m/libc.a(lib_a-atol.o)
 .ARM.attributes
                0x000000000000076a       0x2d /home/g2/.arduinocdt/packages/arduino/tools/arm-none-eabi-gcc/4.8.3-2014q1/bin/../lib/gcc/arm-none-eabi/4.8.3/../../../../arm-none-eabi/lib/armv7-m/libc.a(lib_a-fiprintf.o)
 .ARM.attributes